   1/702 CD010065 model   errors     254/272 cells  18 errors  0 unresolved  44234 tok
   2/702 CD040005 model   unresolved 180/180 cells  0 errors  1 unresolved  28951 tok
   3/702 CD070256 model   verified   156/183 cells  0 errors  0 unresolved  31916 tok
   4/702 CD070306 pattern errors     63/63 cells  3 errors  0 unresolved  30888 tok
   5/702 CD080071 model   errors     0/0 cells  24 errors  0 unresolved  42569 tok
   6/702 CD070643 pattern errors     0/0 cells  3 errors  0 unresolved  21534 tok
   7/702 CD130020 model   verified   61/61 cells  0 errors  0 unresolved  13030 tok
   8/702 CD060195 pattern errors     110/129 cells  40 errors  0 unresolved  82209 tok
   9/702 CD130227 model   unreadable -/- cells  0 errors  0 unresolved  0 tok  (no PDF)
  10/702 CD130155 model   verified   27/27 cells  0 errors  0 unresolved  12725 tok
  11/702 CD130306 pattern verified   41/41 cells  0 errors  0 unresolved  13153 tok
  12/702 CD090367 model   errors     35/48 cells  1 errors  0 unresolved  29440 tok
  13/702 CD140042 model   verified   405/405 cells  0 errors  0 unresolved  24438 tok
  14/702 CD140221 model   verified   64/64 cells  0 errors  0 unresolved  12939 tok
  15/702 CD130326 model   verified   939/942 cells  0 errors  0 unresolved  71155 tok
  16/702 CD130300 model   errors     1685/1706 cells  6 errors  14 unresolved  83321 tok
  17/702 CD140224 model   verified   170/190 cells  0 errors  0 unresolved  45504 tok
  18/702 CD140261 model   verified   57/57 cells  0 errors  0 unresolved  12906 tok
  19/702 CD140265 model   verified   60/60 cells  0 errors  0 unresolved  12933 tok
  20/702 CD140322 model   verified   94/94 cells  0 errors  0 unresolved  13154 tok
  21/702 CD140371 model   verified   59/59 cells  0 errors  0 unresolved  13216 tok
  22/702 CD150024 model   verified   42/42 cells  0 errors  0 unresolved  12947 tok
  23/702 CD140367 pattern errors     198/198 cells  4 errors  0 unresolved  33159 tok
  24/702 CD140383 model   verified   1136/1136 cells  0 errors  0 unresolved  45515 tok
  25/702 CD150044 model   verified   750/750 cells  0 errors  0 unresolved  32393 tok
  26/702 CD150200 pattern unreadable -/- cells  0 errors  0 unresolved  0 tok  (no PDF)
  27/702 CD100111 model   errors     310/428 cells  30 errors  0 unresolved  99417 tok
  28/702 CD150245 model   verified   48/48 cells  0 errors  0 unresolved  12923 tok
  29/702 CD150253 model   verified   239/239 cells  0 errors  0 unresolved  20758 tok
  30/702 CD150251 model   verified   32/32 cells  0 errors  0 unresolved  21946 tok
  31/702 CD150273 pattern errors     112/112 cells  1 errors  0 unresolved  28768 tok
  32/702 CD150298 model   unreadable -/- cells  0 errors  0 unresolved  22207 tok  (the reading found no table on the published pages)
  33/702 CD150058 model   errors     218/246 cells  43 errors  0 unresolved  49346 tok
  34/702 CD150383 model   verified   50/54 cells  0 errors  0 unresolved  21441 tok
  35/702 CD160013 pattern verified   30/30 cells  0 errors  0 unresolved  12828 tok
  36/702 CD150353 model   verified   60/70 cells  0 errors  0 unresolved  23019 tok
  37/702 CD150154 model   errors     329/392 cells  62 errors  0 unresolved  77522 tok
  38/702 CD160065 model   verified   210/210 cells  0 errors  0 unresolved  23856 tok
  39/702 CD160056 model   verified   328/377 cells  0 errors  0 unresolved  55565 tok
  40/702 CD160016 pattern errors     143/145 cells  2 errors  0 unresolved  47423 tok
  41/702 CD160099 model   unreadable -/- cells  0 errors  0 unresolved  0 tok  (no PDF)
  42/702 CD160101 model   verified   100/100 cells  0 errors  0 unresolved  13337 tok
  43/702 CD160097 model   verified   162/162 cells  0 errors  0 unresolved  20372 tok
  44/702 CD160088 pattern unresolved 194/242 cells  0 errors  2 unresolved  56390 tok
  45/702 CD160142 model   unreadable -/- cells  0 errors  0 unresolved  0 tok  (no PDF)
  46/702 CD150263 model   unresolved 621/756 cells  0 errors  17 unresolved  77227 tok
  47/702 CD160275 pattern verified   28/28 cells  0 errors  0 unresolved  13014 tok
  48/702 CD160125 model   errors     32/48 cells  8 errors  8 unresolved  23912 tok
  49/702 CD160329 model   verified   21/21 cells  0 errors  0 unresolved  12724 tok
  50/702 CD160112 model   errors     504/511 cells  7 errors  0 unresolved  44433 tok
  51/702 CD160340 model   verified   49/49 cells  0 errors  0 unresolved  12903 tok
  52/702 CD160341 model   verified   120/120 cells  0 errors  0 unresolved  16227 tok
  53/702 CD160277 pattern errors     316/340 cells  22 errors  0 unresolved  68582 tok
  54/702 CD160352 pattern errors     154/217 cells  63 errors  0 unresolved  68646 tok
  55/702 CD160197 model   errors     596/665 cells  30 errors  0 unresolved  182663 tok
  56/702 CD160395 pattern verified   25/25 cells  0 errors  0 unresolved  12907 tok
  57/702 CD160411 model   verified   80/80 cells  0 errors  0 unresolved  22029 tok
  58/702 CD160351 model   verified   364/448 cells  0 errors  0 unresolved  75423 tok
  59/702 CD160374 pattern errors     252/311 cells  60 errors  0 unresolved  79847 tok
  60/702 CD160413 model   verified   33/35 cells  0 errors  0 unresolved  21106 tok
  61/702 CD170002 pattern errors     24/25 cells  1 errors  0 unresolved  20790 tok
  62/702 CD170023 pattern verified   50/50 cells  0 errors  0 unresolved  13141 tok
  63/702 CD170024 pattern verified   10/20 cells  0 errors  0 unresolved  22031 tok
  64/702 CD170026 model   verified   58/58 cells  0 errors  0 unresolved  12956 tok
  65/702 CD170027 pattern errors     79/79 cells  2 errors  0 unresolved  21335 tok
  66/702 CD170046 pattern verified   30/30 cells  0 errors  0 unresolved  12868 tok
  67/702 CD160390 model   unresolved 1125/1260 cells  0 errors  45 unresolved  137655 tok
  68/702 CD170062 model   verified   86/86 cells  0 errors  0 unresolved  13139 tok
  69/702 CD170063 model   verified   146/146 cells  0 errors  0 unresolved  13479 tok
  70/702 CD170056 model   errors     64/90 cells  26 errors  0 unresolved  25637 tok
  71/702 CD170065 pattern verified   20/20 cells  0 errors  0 unresolved  12787 tok
  72/702 CD170003 model   unresolved 380/524 cells  0 errors  24 unresolved  103815 tok
  73/702 CD170074 model   verified   304/330 cells  0 errors  0 unresolved  36532 tok
  74/702 CD170154 model   verified   48/48 cells  0 errors  0 unresolved  12889 tok
  75/702 CD170088 model   verified   152/152 cells  0 errors  0 unresolved  20096 tok
  76/702 CD170052 model   unresolved 263/389 cells  0 errors  12 unresolved  94118 tok
  77/702 CD170185 pattern verified   37/37 cells  0 errors  0 unresolved  13133 tok
  78/702 CD170213 model   errors     48/50 cells  2 errors  0 unresolved  21459 tok
  79/702 CD170232 model   unreadable -/- cells  0 errors  0 unresolved  0 tok  (no PDF)
  80/702 CD170230 model   verified   49/49 cells  0 errors  0 unresolved  12977 tok
  81/702 CD170265 model   verified   140/140 cells  0 errors  0 unresolved  13798 tok
  82/702 CD170282 model   verified   28/28 cells  0 errors  0 unresolved  12899 tok
  83/702 CD170236 model   errors     245/245 cells  1 errors  0 unresolved  28854 tok
  84/702 CD170284 model   verified   176/176 cells  0 errors  0 unresolved  20066 tok
  85/702 CD170298 model   errors     42/54 cells  6 errors  0 unresolved  22901 tok
  86/702 CD170102 pattern verified   905/919 cells  0 errors  0 unresolved  111250 tok
  87/702 CD170311 model   errors     40/42 cells  2 errors  0 unresolved  21371 tok
  88/702 CD170302 model   errors     455/457 cells  2 errors  0 unresolved  39163 tok
  89/702 CD170375 model   errors     46/48 cells  2 errors  0 unresolved  21052 tok
  90/702 CD170378 model   verified   80/88 cells  0 errors  0 unresolved  22455 tok
  91/702 CD180012 model   verified   180/180 cells  0 errors  0 unresolved  20424 tok
  92/702 CD170362 model   verified   500/513 cells  0 errors  0 unresolved  44449 tok
  93/702 CD180014 pattern errors     84/95 cells  11 errors  0 unresolved  22675 tok
  94/702 CD180038 pattern verified   280/280 cells  0 errors  0 unresolved  34331 tok
  95/702 CD180010 pattern errors     515/665 cells  118 errors  31 unresolved  118468 tok
  96/702 CD180052 model   errors     176/181 cells  4 errors  1 unresolved  29570 tok
  97/702 CD180067 pattern errors     256/264 cells  2 errors  0 unresolved  60113 tok
  98/702 CD180095 model   verified   48/48 cells  0 errors  0 unresolved  13191 tok
  99/702 CD180051 pattern errors     144/299 cells  120 errors  35 unresolved  90485 tok
 100/702 CD180040 model   errors     1937/1988 cells  42 errors  0 unresolved  128938 tok
 101/702 CD180099 model   errors     48/50 cells  2 errors  0 unresolved  21863 tok
 102/702 CD180124 pattern errors     15/15 cells  1 errors  0 unresolved  20760 tok
 103/702 CD180127 model   verified   12/12 cells  0 errors  0 unresolved  12724 tok
 104/702 CD180146 model   unreadable -/- cells  0 errors  0 unresolved  0 tok  (no PDF)
 105/702 CD180136 model   errors     49/49 cells  1 errors  0 unresolved  21290 tok
 106/702 CD170169 model   unresolved 1163/1296 cells  0 errors  13 unresolved  160404 tok
 107/702 CD180126 pattern errors     48/72 cells  25 errors  0 unresolved  27890 tok
 108/702 CD180153 model   verified   56/56 cells  0 errors  0 unresolved  12965 tok
 109/702 CD180177 pattern errors     21/23 cells  6 errors  0 unresolved  22039 tok
 110/702 CD180161 model   verified   235/237 cells  0 errors  0 unresolved  28878 tok
 111/702 CD180150 model   verified   263/263 cells  0 errors  0 unresolved  20581 tok
 112/702 CD180149 pattern verified   360/360 cells  0 errors  0 unresolved  31877 tok
 113/702 CD180187 model   verified   180/180 cells  0 errors  0 unresolved  20119 tok
 114/702 CD180206 model   verified   97/97 cells  0 errors  0 unresolved  14330 tok
 115/702 CD180196 model   verified   99/99 cells  0 errors  0 unresolved  13446 tok
 116/702 CD180211 pattern errors     27/29 cells  3 errors  0 unresolved  21512 tok
 117/702 CD180195 pattern verified   42/42 cells  0 errors  0 unresolved  13136 tok
 118/702 CD180299 pattern verified   21/35 cells  0 errors  0 unresolved  22654 tok
 119/702 CD180306 model   verified   327/333 cells  0 errors  0 unresolved  33534 tok
 120/702 CD180315 pattern errors     14/14 cells  1 errors  0 unresolved  21452 tok
 121/702 CD180245 model   verified   313/318 cells  0 errors  0 unresolved  35532 tok
 122/702 CD180344 pattern verified   50/50 cells  0 errors  0 unresolved  16365 tok
 123/702 CD180384 model   errors     322/322 cells  1 errors  0 unresolved  32066 tok
 124/702 CD180389 pattern verified   295/295 cells  0 errors  0 unresolved  21870 tok
 125/702 CD180360 model   verified   38/46 cells  0 errors  0 unresolved  22936 tok
 126/702 CD180417 model   verified   40/56 cells  0 errors  0 unresolved  23012 tok
 127/702 CD180419 model   errors     24/24 cells  3 errors  0 unresolved  21181 tok
 128/702 CD180471 model   verified   138/138 cells  0 errors  0 unresolved  13440 tok
 129/702 CD180478 pattern verified   35/35 cells  0 errors  0 unresolved  13351 tok
 130/702 CD180435 pattern errors     47/50 cells  3 errors  0 unresolved  21358 tok
 131/702 CD190007 model   verified   35/35 cells  0 errors  0 unresolved  12930 tok
 132/702 CD180481 pattern verified   30/30 cells  0 errors  0 unresolved  12851 tok
 133/702 CD180246 model   errors     1349/1406 cells  41 errors  0 unresolved  119876 tok
 134/702 CD190055 model   verified   20/25 cells  0 errors  0 unresolved  22783 tok
 135/702 CD190076 pattern verified   40/40 cells  0 errors  0 unresolved  12980 tok
 136/702 CD190005 model   verified   425/452 cells  0 errors  0 unresolved  62901 tok
 137/702 CD190015 model   errors     60/100 cells  30 errors  10 unresolved  37175 tok
 138/702 CD190092 pattern verified   16/16 cells  0 errors  0 unresolved  12761 tok
 139/702 CD190080 model   verified   233/236 cells  0 errors  0 unresolved  40905 tok
 140/702 CD190089 pattern errors     76/76 cells  2 errors  0 unresolved  34457 tok
 141/702 CD190100 pattern errors     34/35 cells  1 errors  0 unresolved  21463 tok
 142/702 CD190095 model   verified   45/45 cells  0 errors  0 unresolved  13164 tok
 143/702 CD190104 model   verified   35/49 cells  0 errors  0 unresolved  22918 tok
 144/702 CD190107 model   verified   133/133 cells  0 errors  0 unresolved  13215 tok
 145/702 CD190109 pattern verified   55/55 cells  0 errors  0 unresolved  13075 tok
 146/702 CD190071 model   verified   690/728 cells  0 errors  0 unresolved  76096 tok
 147/702 CD190110 pattern errors     49/55 cells  6 errors  0 unresolved  21945 tok
 148/702 CD190112 pattern verified   40/40 cells  0 errors  0 unresolved  13202 tok
 149/702 CD190131 pattern unreadable -/- cells  0 errors  0 unresolved  0 tok  (no PDF)
 150/702 CD190132 pattern errors     7/7 cells  5 errors  0 unresolved  30523 tok
 151/702 CD190143 pattern verified   29/29 cells  0 errors  0 unresolved  12870 tok
 152/702 CD190105 pattern errors     702/702 cells  1 errors  0 unresolved  63200 tok
 153/702 CD190118 model   unreadable -/- cells  0 errors  0 unresolved  86855 tok  (the reading found no table on the published pages)
 154/702 CD190124 model   verified   222/222 cells  0 errors  0 unresolved  24034 tok
 155/702 CD190145 pattern errors     42/43 cells  1 errors  0 unresolved  21198 tok
 156/702 CD190146 model   verified   114/126 cells  0 errors  0 unresolved  22646 tok
 157/702 CD190150 pattern verified   16/16 cells  0 errors  0 unresolved  12779 tok
 158/702 CD190154 pattern verified   30/30 cells  0 errors  0 unresolved  12927 tok
 159/702 CD190148 model   unresolved 298/319 cells  0 errors  1 unresolved  37890 tok
 160/702 CD190172 model   verified   76/88 cells  0 errors  0 unresolved  22907 tok
 161/702 CD190153 pattern verified   68/70 cells  0 errors  0 unresolved  21351 tok
 162/702 CD190181 model   verified   42/42 cells  0 errors  0 unresolved  12939 tok
 163/702 CD190155 pattern errors     41/45 cells  5 errors  0 unresolved  21680 tok
 164/702 CD190168 model   verified   210/210 cells  0 errors  0 unresolved  27287 tok
 165/702 CD190200 pattern verified   30/30 cells  0 errors  0 unresolved  12856 tok
 166/702 CD190196 model   verified   512/512 cells  0 errors  0 unresolved  25090 tok
 167/702 CD190198 model   unresolved 21/24 cells  0 errors  1 unresolved  21469 tok
 168/702 CD190212 model   unreadable -/- cells  0 errors  0 unresolved  22189 tok  (the reading found no table on the published pages)
 169/702 CD190210 pattern errors     49/59 cells  10 errors  0 unresolved  22350 tok
 170/702 CD190227 pattern verified   40/40 cells  0 errors  0 unresolved  12909 tok
 171/702 CD190234 pattern verified   40/40 cells  0 errors  0 unresolved  12952 tok
 172/702 CD190237 pattern verified   20/20 cells  0 errors  0 unresolved  12773 tok
 173/702 CD190233 model   errors     200/200 cells  1 errors  0 unresolved  28758 tok
 174/702 CD190242 model   verified   113/114 cells  0 errors  0 unresolved  21226 tok
 175/702 CD190250 pattern verified   25/25 cells  0 errors  0 unresolved  12857 tok
 176/702 CD190217 pattern errors     64/78 cells  1 errors  0 unresolved  32831 tok
 177/702 CD190252 pattern verified   50/50 cells  0 errors  0 unresolved  13004 tok
 178/702 CD190254 model   verified   40/40 cells  0 errors  0 unresolved  12859 tok
 179/702 CD190223 model   verified   204/235 cells  0 errors  0 unresolved  56335 tok
 180/702 CD190269 pattern errors     30/30 cells  6 errors  0 unresolved  22037 tok
 181/702 CD190266 model   verified   320/324 cells  0 errors  0 unresolved  29535 tok
 182/702 CD190272 model   unresolved 17/18 cells  0 errors  1 unresolved  21223 tok
 183/702 CD190274 pattern errors     35/35 cells  1 errors  0 unresolved  30018 tok
 184/702 CD190271 model   verified   197/264 cells  0 errors  0 unresolved  62008 tok
 185/702 CD190275 model   verified   62/62 cells  0 errors  0 unresolved  21793 tok
 186/702 CD190290 pattern verified   15/15 cells  0 errors  0 unresolved  12716 tok
 187/702 CD190309 model   errors     88/92 cells  6 errors  0 unresolved  22146 tok
 188/702 CD190310 model   unreadable -/- cells  0 errors  0 unresolved  0 tok  (no PDF)
 189/702 CD190311 model   verified   80/81 cells  0 errors  0 unresolved  21364 tok
 190/702 CD190293 model   verified   89/89 cells  0 errors  0 unresolved  22200 tok
 191/702 CD190314 pattern verified   45/45 cells  0 errors  0 unresolved  13464 tok
 192/702 CD190333 pattern verified   28/28 cells  0 errors  0 unresolved  12908 tok
 193/702 CD190288 pattern errors     211/230 cells  2 errors  0 unresolved  53338 tok
 194/702 CD190340 model   verified   208/208 cells  0 errors  0 unresolved  20189 tok
 195/702 CD190344 pattern verified   30/30 cells  0 errors  0 unresolved  12845 tok
 196/702 CD190376 pattern errors     11/16 cells  4 errors  1 unresolved  21912 tok
 197/702 CD190357 model   errors     72/76 cells  4 errors  0 unresolved  22194 tok
 198/702 CD190247 model   unresolved 585/661 cells  0 errors  2 unresolved  141784 tok
 199/702 CD190389 model   verified   107/107 cells  0 errors  0 unresolved  13311 tok
 200/702 CD190398 pattern verified   38/38 cells  0 errors  0 unresolved  23737 tok
 201/702 CD190399 pattern errors     11/16 cells  5 errors  0 unresolved  21347 tok
 202/702 CD190382 pattern errors     20/24 cells  2 errors  0 unresolved  21815 tok
 203/702 CD190384 pattern errors     114/123 cells  2 errors  0 unresolved  42842 tok
 204/702 CD190414 model   verified   144/144 cells  0 errors  0 unresolved  13402 tok
 205/702 CD190407 pattern verified   22/45 cells  0 errors  0 unresolved  34507 tok
 206/702 CD190360 pattern errors     92/127 cells  31 errors  1 unresolved  119204 tok
 207/702 CD190417 model   unresolved 55/70 cells  0 errors  1 unresolved  23466 tok
 208/702 CD200006 pattern errors     18/20 cells  2 errors  0 unresolved  21059 tok
 209/702 CD200002 pattern errors     21/25 cells  8 errors  0 unresolved  22123 tok
 210/702 CD200009 model   errors     21/24 cells  3 errors  0 unresolved  21438 tok
 211/702 CD200013 pattern errors     43/46 cells  5 errors  0 unresolved  22200 tok
 212/702 CD200017 model   verified   158/158 cells  0 errors  0 unresolved  20099 tok
 213/702 CD190420 model   verified   410/450 cells  0 errors  0 unresolved  59011 tok
 214/702 CD200023 pattern verified   50/50 cells  0 errors  0 unresolved  12992 tok
 215/702 CD200026 pattern verified   20/20 cells  0 errors  0 unresolved  12983 tok
 216/702 CD200008 model   errors     599/611 cells  30 errors  0 unresolved  95197 tok
 217/702 CD200028 pattern verified   19/19 cells  0 errors  0 unresolved  13073 tok
 218/702 CD200033 model   verified   90/90 cells  0 errors  0 unresolved  13026 tok
 219/702 CD200036 pattern verified   50/50 cells  0 errors  0 unresolved  13020 tok
 220/702 CD200018 model   errors     13/18 cells  7 errors  4 unresolved  40527 tok
 221/702 CD200059 pattern verified   40/40 cells  0 errors  0 unresolved  13049 tok
 222/702 CD200021 pattern errors     161/169 cells  8 errors  0 unresolved  55271 tok
 223/702 CD200072 pattern verified   24/24 cells  0 errors  0 unresolved  12826 tok
 224/702 CD200066 model   errors     395/419 cells  19 errors  0 unresolved  38555 tok
 225/702 CD200081 model   verified   171/171 cells  0 errors  0 unresolved  13546 tok
 226/702 CD200077 pattern verified   88/88 cells  0 errors  0 unresolved  20169 tok
 227/702 CD200083 pattern verified   15/15 cells  0 errors  0 unresolved  12711 tok
 228/702 CD200107 model   verified   45/50 cells  0 errors  0 unresolved  21912 tok
 229/702 CD200071 model   errors     402/417 cells  1 errors  0 unresolved  36880 tok
 230/702 CD200062 model   errors     101/127 cells  2 errors  0 unresolved  25129 tok
 231/702 CD200112 model   verified   67/68 cells  0 errors  0 unresolved  21228 tok
 232/702 CD200124 model   verified   70/70 cells  0 errors  0 unresolved  13288 tok
 233/702 CD200117 model   unresolved 56/64 cells  0 errors  8 unresolved  27992 tok
 234/702 CD200135 pattern verified   53/53 cells  0 errors  0 unresolved  13527 tok
 235/702 CD200132 model   verified   98/99 cells  0 errors  0 unresolved  21127 tok
 236/702 CD200119 pattern errors     36/36 cells  12 errors  0 unresolved  32756 tok
 237/702 CD200147 pattern errors     26/30 cells  4 errors  0 unresolved  21569 tok
 238/702 CD200149 pattern verified   30/30 cells  0 errors  0 unresolved  12838 tok
 239/702 CD200146 model   errors     253/264 cells  2 errors  8 unresolved  36353 tok
 240/702 CD200140 model   verified   48/52 cells  0 errors  0 unresolved  22039 tok
 241/702 CD200160 pattern verified   44/45 cells  0 errors  0 unresolved  20935 tok
 242/702 CD200153 model   verified   111/147 cells  0 errors  0 unresolved  34377 tok
 243/702 CD200151 model   unresolved 55/56 cells  0 errors  1 unresolved  21592 tok
 244/702 CD200173 pattern errors     53/72 cells  19 errors  0 unresolved  33021 tok
 245/702 CD200157 pattern verified   96/140 cells  0 errors  0 unresolved  42748 tok
 246/702 CD200168 model   verified   71/72 cells  0 errors  0 unresolved  24385 tok
 247/702 CD200185 model   verified   129/162 cells  0 errors  0 unresolved  38188 tok
 248/702 CD200167 pattern errors     727/751 cells  1 errors  0 unresolved  81247 tok
 249/702 CD200200 pattern verified   107/107 cells  0 errors  0 unresolved  20453 tok
 250/702 CD200189 pattern errors     37/37 cells  7 errors  0 unresolved  31088 tok
 251/702 CD200193 model   errors     69/93 cells  2 errors  0 unresolved  33409 tok
 252/702 CD200176 model   verified   652/703 cells  0 errors  0 unresolved  64002 tok
 253/702 CD200206 pattern errors     27/40 cells  13 errors  0 unresolved  22793 tok
 254/702 CD200212 pattern verified   20/20 cells  0 errors  0 unresolved  12778 tok
 255/702 CD200201 pattern errors     20/20 cells  1 errors  0 unresolved  20770 tok
 256/702 CD200224 model   unresolved 127/128 cells  0 errors  1 unresolved  21672 tok
 257/702 CD200225 model   errors     83/87 cells  2 errors  0 unresolved  21539 tok
 258/702 CD200232 pattern verified   30/30 cells  0 errors  0 unresolved  12821 tok
 259/702 CD200246 pattern errors     31/31 cells  4 errors  0 unresolved  21799 tok
 260/702 CD200247 pattern errors     32/32 cells  3 errors  0 unresolved  21643 tok
 261/702 CD200202 model   unresolved 60/62 cells  0 errors  2 unresolved  21439 tok
 262/702 CD200240 pattern errors     30/40 cells  10 errors  0 unresolved  22451 tok
 263/702 CD200252 pattern errors     19/24 cells  5 errors  0 unresolved  21663 tok
 264/702 CD200216 pattern errors     178/178 cells  2 errors  0 unresolved  41080 tok
 265/702 CD200262 pattern verified   17/20 cells  0 errors  0 unresolved  21170 tok
 266/702 CD200267 pattern verified   15/15 cells  0 errors  0 unresolved  12836 tok
 267/702 CD200250 model   verified   71/72 cells  0 errors  0 unresolved  21138 tok
 268/702 CD200268 pattern verified   15/15 cells  0 errors  0 unresolved  12884 tok
 269/702 CD200275 pattern errors     5/8 cells  3 errors  0 unresolved  21560 tok
 270/702 CD200259 pattern errors     25/32 cells  7 errors  0 unresolved  27499 tok
 271/702 CD200287         error      -/- cells  0 errors  0 unresolved  0 tok  (ENOENT: no such file or directory, open 'C:\Users\susan\Desktop\openbook\data\schedule-a\CD200287.json')
 272/702 CD200288         error      -/- cells  0 errors  0 unresolved  0 tok  (ENOENT: no such file or directory, open 'C:\Users\susan\Desktop\openbook\data\schedule-a\CD200288.json')
 273/702 CD200297         error      -/- cells  0 errors  0 unresolved  0 tok  (ENOENT: no such file or directory, open 'C:\Users\susan\Desktop\openbook\data\schedule-a\CD200297.json')
 274/702 CD200300         error      -/- cells  0 errors  0 unresolved  0 tok  (ENOENT: no such file or directory, open 'C:\Users\susan\Desktop\openbook\data\schedule-a\CD200300.json')
 275/702 CD200301         error      -/- cells  0 errors  0 unresolved  0 tok  (ENOENT: no such file or directory, open 'C:\Users\susan\Desktop\openbook\data\schedule-a\CD200301.json')
 276/702 CD200313         error      -/- cells  0 errors  0 unresolved  0 tok  (ENOENT: no such file or directory, open 'C:\Users\susan\Desktop\openbook\data\schedule-a\CD200313.json')
 277/702 CD200323         error      -/- cells  0 errors  0 unresolved  0 tok  (ENOENT: no such file or directory, open 'C:\Users\susan\Desktop\openbook\data\schedule-a\CD200323.json')
 278/702 CD210003         error      -/- cells  0 errors  0 unresolved  0 tok  (ENOENT: no such file or directory, open 'C:\Users\susan\Desktop\openbook\data\schedule-a\CD210003.json')
stopping: 8 errors in a row; re-run to resume
 279/702 CD200279 model   verified   16/16 cells  0 errors  0 unresolved  12689 tok
 280/702 CD200254 pattern errors     108/117 cells  9 errors  0 unresolved  30081 tok
 281/702 CD200274 model   verified   524/531 cells  0 errors  0 unresolved  43279 tok
283 plans checked { errors: 96, unresolved: 16, verified: 152, unreadable: 11, error: 8 }
by source: {
  'model:ag_total': { errors: 33, unresolved: 12, verified: 74, unreadable: 7 },
  pattern: { errors: 57, verified: 56, unreadable: 2, unresolved: 1 },
  'model:printed_total': { errors: 6, verified: 22, unresolved: 3, unreadable: 2 },
  undefined: { error: 8 }
}
cells: 43,219 of 46,293 agreed on the blind reading (93.36%)
confirmed errors by kind: {
  published_wrong: 985,
  published_unit_not_in_table: 18,
  unit_missing_from_published: 196
}
confirmed wrong cells by field: {
  tax_m: 79,
  unit: 89,
  pct: 21,
  sqft: 97,
  carry_m: 61,
  cc_m: 7,
  baths: 441,
  beds: 148,
  price: 33,
  outdoor_sqft: 9
}
8,376,036 tokens
   1/629 CD040153 model   verified   28/28 cells  0 errors  0 unresolved  12843 tok
   2/629 CD200288 pattern errors     14/15 cells  1 errors  0 unresolved  21009 tok
   3/629 CD200297 model   verified   160/160 cells  0 errors  0 unresolved  13368 tok
   4/629 CD200287 model   verified   207/207 cells  0 errors  0 unresolved  20118 tok
   5/629 CD110155 model   verified   310/310 cells  0 errors  0 unresolved  23372 tok
   6/629 CD200301 model   verified   92/92 cells  0 errors  0 unresolved  16207 tok
   7/629 CD210003 model   verified   32/32 cells  0 errors  0 unresolved  12761 tok
   8/629 CD200313 pattern errors     20/20 cells  1 errors  0 unresolved  20757 tok
   9/629 CD200300 model   verified   58/58 cells  0 errors  0 unresolved  22045 tok
  10/629 CD200323 model   verified   170/175 cells  0 errors  0 unresolved  29491 tok
  11/629 CD210014 model   verified   80/80 cells  0 errors  0 unresolved  13097 tok
  12/629 CD210007 model   verified   25/27 cells  0 errors  0 unresolved  21067 tok
  13/629 CD210027 model   verified   72/72 cells  0 errors  0 unresolved  12900 tok
  14/629 CD210026 model   verified   56/70 cells  0 errors  0 unresolved  22575 tok
  15/629 CD210028 model   verified   90/90 cells  0 errors  0 unresolved  13021 tok
  16/629 CD210029 model   unresolved 67/69 cells  0 errors  2 unresolved  21428 tok
  17/629 CD210021 model   verified   43/52 cells  0 errors  0 unresolved  22055 tok
  18/629 CD210035 model   verified   24/24 cells  0 errors  0 unresolved  12709 tok
  19/629 CD210044 model   verified   64/64 cells  0 errors  0 unresolved  13108 tok
  20/629 CD210031 model   verified   540/540 cells  0 errors  0 unresolved  44559 tok
  21/629 CD210039 model   verified   112/132 cells  0 errors  0 unresolved  23824 tok
  22/629 CD210048 model   verified   58/58 cells  0 errors  0 unresolved  12949 tok
  23/629 CD210018 model   verified   66/88 cells  0 errors  0 unresolved  32940 tok
  24/629 CD210051 model   verified   50/63 cells  0 errors  0 unresolved  32877 tok
  25/629 CD210056 model   errors     133/141 cells  8 errors  0 unresolved  22310 tok
  26/629 CD210050 model   verified   427/427 cells  0 errors  0 unresolved  27270 tok
  27/629 CD210057 model   verified   78/80 cells  0 errors  0 unresolved  21251 tok
  28/629 CD210058 model   verified   109/109 cells  0 errors  0 unresolved  25121 tok
  29/629 CD210062 model   unresolved 46/48 cells  0 errors  2 unresolved  21453 tok
  30/629 CD210060 model   verified   582/582 cells  0 errors  0 unresolved  25104 tok
  31/629 CD210077 model   verified   33/33 cells  0 errors  0 unresolved  12904 tok
  32/629 CD210072 model   verified   299/366 cells  0 errors  0 unresolved  63519 tok
  33/629 CD210080 model   verified   484/484 cells  0 errors  0 unresolved  43223 tok
  34/629 CD210055 model   errors     455/538 cells  52 errors  17 unresolved  89193 tok
  35/629 CD210085 pattern errors     29/30 cells  3 errors  1 unresolved  27063 tok
  36/629 CD210071 model   unresolved 304/352 cells  0 errors  18 unresolved  51908 tok
  37/629 CD210089 model   verified   64/64 cells  0 errors  0 unresolved  12908 tok
  38/629 CD210087 model   verified   72/96 cells  0 errors  0 unresolved  24355 tok
  39/629 CD210099 model   verified   80/80 cells  0 errors  0 unresolved  13301 tok
  40/629 CD210102 model   verified   28/28 cells  0 errors  0 unresolved  12754 tok
  41/629 CD210103 model   verified   83/83 cells  0 errors  0 unresolved  13050 tok
  42/629 CD210108 model   verified   123/131 cells  0 errors  0 unresolved  23097 tok
  43/629 CD210105 model   verified   26/26 cells  0 errors  0 unresolved  12726 tok
  44/629 CD210092 model   unresolved 601/604 cells  0 errors  1 unresolved  46452 tok
  45/629 CD210116 pattern errors     14/22 cells  8 errors  0 unresolved  23174 tok
  46/629 CD210121 model   verified   64/64 cells  0 errors  0 unresolved  12963 tok
  47/629 CD210122 model   verified   16/16 cells  0 errors  0 unresolved  12689 tok
  48/629 CD210120 model   unresolved 78/80 cells  0 errors  2 unresolved  27072 tok
  49/629 CD210124 model   verified   40/40 cells  0 errors  0 unresolved  12799 tok
  50/629 CD210133 model   verified   86/86 cells  0 errors  0 unresolved  13200 tok
  51/629 CD210130 model   verified   158/172 cells  0 errors  0 unresolved  36650 tok
  52/629 CD210140 model   verified   85/85 cells  0 errors  0 unresolved  13229 tok
  53/629 CD210139 model   verified   258/266 cells  0 errors  0 unresolved  33478 tok
  54/629 CD210113 model   errors     1035/1103 cells  50 errors  0 unresolved  97227 tok
  55/629 CD210149 model   verified   64/64 cells  0 errors  0 unresolved  12971 tok
  56/629 CD210150 model   verified   120/120 cells  0 errors  0 unresolved  13231 tok
  57/629 CD210151 model   verified   56/56 cells  0 errors  0 unresolved  13038 tok
  58/629 CD210093 model   errors     622/773 cells  108 errors  183 unresolved  146016 tok
  59/629 CD210141 model   verified   60/81 cells  0 errors  0 unresolved  27041 tok
  60/629 CD210155 model   verified   400/425 cells  0 errors  0 unresolved  32658 tok
  61/629 CD210159 model   unreadable -/- cells  0 errors  0 unresolved  22189 tok  (the reading found no table on the published pages)
  62/629 CD210182 model   verified   86/86 cells  0 errors  0 unresolved  13087 tok
  63/629 CD210158 model   verified   584/584 cells  0 errors  0 unresolved  22716 tok
  64/629 CD210168 model   verified   642/642 cells  0 errors  0 unresolved  21645 tok
  65/629 CD210157 model   verified   138/138 cells  0 errors  0 unresolved  20159 tok
  66/629 CD210188 model   verified   45/45 cells  0 errors  0 unresolved  20927 tok
  67/629 CD210198 model   verified   125/125 cells  0 errors  0 unresolved  20038 tok
  68/629 CD210196 model   unresolved 85/86 cells  0 errors  1 unresolved  21361 tok
  69/629 CD210203 model   verified   144/144 cells  0 errors  0 unresolved  13226 tok
  70/629 CD210202 model   verified   44/44 cells  0 errors  0 unresolved  30876 tok
  71/629 CD210186 model   errors     68/68 cells  6 errors  0 unresolved  31454 tok
  72/629 CD210209 pattern verified   10/10 cells  0 errors  0 unresolved  12691 tok
  73/629 CD210224 model   verified   59/60 cells  0 errors  0 unresolved  21050 tok
  74/629 CD210228 model   verified   80/80 cells  0 errors  0 unresolved  12991 tok
  75/629 CD210229 model   verified   78/78 cells  0 errors  0 unresolved  13061 tok
  76/629 CD210223 model   unresolved 182/192 cells  0 errors  2 unresolved  30194 tok
  77/629 CD210240 model   verified   63/63 cells  0 errors  0 unresolved  12934 tok
  78/629 CD210205 model   verified   234/312 cells  0 errors  0 unresolved  54951 tok
  79/629 CD210257 model   verified   82/82 cells  0 errors  0 unresolved  13430 tok
  80/629 CD210239 model   verified   334/334 cells  0 errors  0 unresolved  27453 tok
  81/629 CD210252 model   verified   16/16 cells  0 errors  0 unresolved  12681 tok
  82/629 CD210264 model   errors     47/54 cells  5 errors  1 unresolved  22261 tok
  83/629 CD210258 model   verified   96/96 cells  0 errors  0 unresolved  13202 tok
  84/629 CD210270 model   verified   2/4 cells  0 errors  0 unresolved  20775 tok
  85/629 CD210272 model   errors     53/54 cells  1 errors  0 unresolved  21080 tok
  86/629 CD210273 model   unreadable -/- cells  0 errors  0 unresolved  22199 tok  (the reading found no table on the published pages)
  87/629 CD210266 model   errors     983/1052 cells  69 errors  0 unresolved  90022 tok
  88/629 CD210286 model   verified   32/32 cells  0 errors  0 unresolved  12889 tok
  89/629 CD210290 model   unreadable -/- cells  0 errors  0 unresolved  0 tok  (no PDF)
  90/629 CD210291 model   verified   120/120 cells  0 errors  0 unresolved  13238 tok
  91/629 CD210278 model   verified   312/372 cells  0 errors  0 unresolved  45824 tok
  92/629 CD210294 model   verified   168/168 cells  0 errors  0 unresolved  19927 tok
  93/629 CD210299 model   verified   22/22 cells  0 errors  0 unresolved  12726 tok
  94/629 CD210297 model   verified   272/272 cells  0 errors  0 unresolved  27438 tok
  95/629 CD210304 model   verified   144/144 cells  0 errors  0 unresolved  13197 tok
  96/629 CD210269 model   verified   1483/1483 cells  0 errors  0 unresolved  93987 tok
  97/629 CD210305 model   unreadable -/- cells  0 errors  0 unresolved  22203 tok  (the reading found no table on the published pages)
  98/629 CD210310 model   verified   32/32 cells  0 errors  0 unresolved  12881 tok
  99/629 CD210311 pattern verified   35/35 cells  0 errors  0 unresolved  13030 tok
 100/629 CD210313 pattern verified   20/20 cells  0 errors  0 unresolved  12814 tok
 101/629 CD210314 model   unreadable -/- cells  0 errors  0 unresolved  0 tok  (no PDF)
 102/629 CD210315 model   verified   60/70 cells  0 errors  0 unresolved  22422 tok
 103/629 CD210312 model   errors     386/388 cells  2 errors  0 unresolved  34549 tok
 104/629 CD210317 model   verified   52/52 cells  0 errors  0 unresolved  12848 tok
 105/629 CD210233 model   errors     674/792 cells  1 errors  0 unresolved  195082 tok
 106/629 CD210338 model   verified   49/49 cells  0 errors  0 unresolved  13112 tok
 107/629 CD210307 model   verified   175/175 cells  0 errors  0 unresolved  39446 tok
 108/629 CD220001 model   verified   49/49 cells  0 errors  0 unresolved  13057 tok
 109/629 CD220005 model   verified   48/48 cells  0 errors  0 unresolved  13152 tok
 110/629 CD220006 model   verified   97/97 cells  0 errors  0 unresolved  13163 tok
 111/629 CD210344 pattern verified   20/20 cells  0 errors  0 unresolved  21942 tok
 112/629 CD210352 model   verified   181/182 cells  0 errors  0 unresolved  28197 tok
 113/629 CD220026 model   verified   48/48 cells  0 errors  0 unresolved  13295 tok
 114/629 CD220021 model   verified   37/38 cells  0 errors  0 unresolved  20980 tok
 115/629 CD220012 model   verified   74/86 cells  0 errors  0 unresolved  32155 tok
 116/629 CD220031 model   verified   24/24 cells  0 errors  0 unresolved  12736 tok
 117/629 CD220030 model   verified   80/80 cells  0 errors  0 unresolved  13085 tok
 118/629 CD220034 model   verified   36/36 cells  0 errors  0 unresolved  12831 tok
 119/629 CD220044 model   verified   24/24 cells  0 errors  0 unresolved  12824 tok
 120/629 CD220045 model   verified   48/48 cells  0 errors  0 unresolved  13347 tok
 121/629 CD220033 model   verified   30/30 cells  0 errors  0 unresolved  13046 tok
 122/629 CD220066 model   unreadable -/- cells  0 errors  0 unresolved  0 tok  (no PDF)
 123/629 CD220051 model   verified   78/78 cells  0 errors  0 unresolved  13171 tok
 124/629 CD220047 model   verified   31/32 cells  0 errors  0 unresolved  20859 tok
 125/629 CD220075 model   verified   154/160 cells  0 errors  0 unresolved  29155 tok
 126/629 CD220081 model   verified   32/32 cells  0 errors  0 unresolved  12774 tok
 127/629 CD220063 model   errors     39/39 cells  4 errors  0 unresolved  40217 tok
 128/629 CD220069 model   verified   24/24 cells  0 errors  0 unresolved  21997 tok
 129/629 CD220070 model   verified   67/70 cells  0 errors  0 unresolved  21447 tok
 130/629 CD220086 pattern errors     38/39 cells  3 errors  0 unresolved  21628 tok
 131/629 CD220096 model   verified   68/71 cells  0 errors  0 unresolved  30585 tok
 132/629 CD220112 model   errors     188/198 cells  10 errors  0 unresolved  39036 tok
 133/629 CD220114 model   unreadable -/- cells  0 errors  0 unresolved  0 tok  (no PDF)
 134/629 CD220108 model   verified   215/216 cells  0 errors  0 unresolved  40405 tok
 135/629 CD220117 model   verified   153/153 cells  0 errors  0 unresolved  13546 tok
 136/629 CD220116 model   verified   189/189 cells  0 errors  0 unresolved  23266 tok
 137/629 CD220113 model   verified   42/48 cells  0 errors  0 unresolved  31179 tok
 138/629 CD220120 pattern verified   19/20 cells  0 errors  0 unresolved  21189 tok
 139/629 CD220128 model   verified   95/95 cells  0 errors  0 unresolved  13083 tok
 140/629 CD220122 model   verified   94/94 cells  0 errors  0 unresolved  13399 tok
 141/629 CD220083 model   verified   132/226 cells  0 errors  0 unresolved  73293 tok
 142/629 CD220142 model   verified   48/49 cells  0 errors  0 unresolved  23727 tok
 143/629 CD220134 model   verified   64/94 cells  0 errors  0 unresolved  32142 tok
 144/629 CD220153 pattern errors     7/10 cells  1 errors  1 unresolved  30627 tok
 145/629 CD220165 model   verified   45/46 cells  0 errors  0 unresolved  21149 tok
 146/629 CD220166 model   verified   71/72 cells  0 errors  0 unresolved  21405 tok
 147/629 CD220161 model   errors     75/126 cells  49 errors  2 unresolved  44582 tok
 148/629 CD220172 model   verified   210/210 cells  0 errors  0 unresolved  20250 tok
 149/629 CD220173 model   verified   70/70 cells  0 errors  0 unresolved  13008 tok
 150/629 CD220181 model   verified   36/36 cells  0 errors  0 unresolved  13052 tok
 151/629 CD220157 model   verified   567/568 cells  0 errors  0 unresolved  64897 tok
 152/629 CD220185 model   verified   49/49 cells  0 errors  0 unresolved  12924 tok
 153/629 CD220184 model   unreadable -/- cells  0 errors  0 unresolved  22205 tok  (the reading found no table on the published pages)
 154/629 CD220167 model   errors     144/168 cells  24 errors  0 unresolved  31535 tok
 155/629 CD220191 model   unresolved 27/35 cells  0 errors  2 unresolved  22651 tok
 156/629 CD220193 model   verified   167/168 cells  0 errors  0 unresolved  28410 tok
 157/629 CD220206 model   verified   154/154 cells  0 errors  0 unresolved  19956 tok
 158/629 CD220187 model   verified   64/64 cells  0 errors  0 unresolved  24721 tok
 159/629 CD220211 model   verified   215/224 cells  0 errors  0 unresolved  40173 tok
 160/629 CD220231 model   verified   16/16 cells  0 errors  0 unresolved  12699 tok
 161/629 CD220207 model   verified   186/188 cells  0 errors  0 unresolved  28414 tok
 162/629 CD220233 model   verified   17/17 cells  0 errors  0 unresolved  13170 tok
 163/629 CD220192 model   errors     422/447 cells  4 errors  0 unresolved  71344 tok
 164/629 CD220214 model   verified   245/248 cells  0 errors  0 unresolved  32174 tok
 165/629 CD220250 model   errors     55/56 cells  1 errors  0 unresolved  21397 tok
 166/629 CD220244 model   verified   73/73 cells  0 errors  0 unresolved  13361 tok
 167/629 CD220264 model   errors     24/24 cells  2 errors  0 unresolved  21126 tok
 168/629 CD220268 model   unreadable -/- cells  0 errors  0 unresolved  22197 tok  (the reading found no table on the published pages)
 169/629 CD220256 model   errors     28/36 cells  4 errors  4 unresolved  25002 tok
 170/629 CD220237 model   errors     399/425 cells  26 errors  0 unresolved  46772 tok
 171/629 CD230002 model   verified   72/72 cells  0 errors  0 unresolved  13083 tok
 172/629 CD220274 model   verified   8/8 cells  0 errors  0 unresolved  31199 tok
 173/629 CD230034 model   verified   339/339 cells  0 errors  0 unresolved  26516 tok
 174/629 CD220269 model   errors     11/12 cells  2 errors  4 unresolved  22373 tok
 175/629 CD220271 pattern unresolved 13/15 cells  0 errors  2 unresolved  21541 tok
 176/629 CD230036 model   verified   53/55 cells  0 errors  0 unresolved  21200 tok
 177/629 CD230039 model   verified   61/61 cells  0 errors  0 unresolved  13108 tok
 178/629 CD230037 model   verified   245/245 cells  0 errors  0 unresolved  23678 tok
 179/629 CD230044 pattern verified   8/8 cells  0 errors  0 unresolved  12816 tok
 180/629 CD230050 model   verified   136/136 cells  0 errors  0 unresolved  13408 tok
 181/629 CD230040 model   errors     21/27 cells  6 errors  0 unresolved  22003 tok
 182/629 CD230010 model   verified   516/546 cells  0 errors  0 unresolved  53777 tok
 183/629 CD230058 model   verified   63/63 cells  0 errors  0 unresolved  13102 tok
 184/629 CD230054 model   verified   63/64 cells  0 errors  0 unresolved  21091 tok
 185/629 CD230065 model   verified   317/317 cells  0 errors  0 unresolved  20531 tok
 186/629 CD230067 model   verified   32/36 cells  0 errors  0 unresolved  21774 tok
 187/629 CD230081 model   verified   702/702 cells  0 errors  0 unresolved  23744 tok
 188/629 CD230090 model   verified   84/84 cells  0 errors  0 unresolved  13827 tok
 189/629 CD230092 model   unreadable -/- cells  0 errors  0 unresolved  22197 tok  (the reading found no table on the published pages)
 190/629 CD230093 model   unreadable -/- cells  0 errors  0 unresolved  22205 tok  (the reading found no table on the published pages)
 191/629 CD230083 model   verified   307/308 cells  0 errors  0 unresolved  41333 tok
 192/629 CD230095 model   verified   49/49 cells  0 errors  0 unresolved  13227 tok
 193/629 CD230094 model   unreadable -/- cells  0 errors  0 unresolved  22193 tok  (the reading found no table on the published pages)
 194/629 CD230088 model   unresolved 186/236 cells  0 errors  1 unresolved  60949 tok
 195/629 CD230074 model   verified   742/774 cells  0 errors  0 unresolved  83755 tok
 196/629 CD230097 model   verified   254/254 cells  0 errors  0 unresolved  30698 tok
 197/629 CD230102 model   verified   472/472 cells  0 errors  0 unresolved  38289 tok
 198/629 CD230104 model   verified   156/156 cells  0 errors  0 unresolved  26305 tok
 199/629 CD230125 pattern unresolved 18/20 cells  0 errors  2 unresolved  21601 tok
 200/629 CD230123 model   verified   102/102 cells  0 errors  0 unresolved  22656 tok
 201/629 CD230143 model   verified   102/102 cells  0 errors  0 unresolved  13440 tok
 202/629 CD230149 model   verified   32/32 cells  0 errors  0 unresolved  14139 tok
 203/629 CD230154 model   verified   23/23 cells  0 errors  0 unresolved  12719 tok
 204/629 CD230126 model   verified   62/62 cells  0 errors  0 unresolved  13094 tok
 205/629 CD230155 model   verified   22/22 cells  0 errors  0 unresolved  12806 tok
 206/629 CD230146 model   errors     62/66 cells  3 errors  1 unresolved  25177 tok
 207/629 CD230137 model   verified   375/375 cells  0 errors  0 unresolved  31348 tok
 208/629 CD230164 model   verified   72/72 cells  0 errors  0 unresolved  13033 tok
 209/629 CD230157 model   verified   897/917 cells  0 errors  0 unresolved  65659 tok
 210/629 CD230166 pattern verified   35/40 cells  0 errors  0 unresolved  27108 tok
 211/629 CD230189 model   verified   42/42 cells  0 errors  0 unresolved  13032 tok
 212/629 CD230169 model   unresolved 501/508 cells  0 errors  2 unresolved  47567 tok
 213/629 CD230185 model   verified   171/171 cells  0 errors  0 unresolved  16719 tok
 214/629 CD230181 model   verified   994/1002 cells  0 errors  0 unresolved  64436 tok
 215/629 CD230195 model   verified   28/28 cells  0 errors  0 unresolved  13029 tok
 216/629 CD230198 model   verified   27/27 cells  0 errors  0 unresolved  11724 tok
 217/629 CD230202 pattern verified   20/20 cells  0 errors  0 unresolved  12815 tok
 218/629 CD230206 model   verified   447/447 cells  0 errors  0 unresolved  24530 tok
 219/629 CD230212 model   verified   202/202 cells  0 errors  0 unresolved  20146 tok
 220/629 CD230205 model   verified   29/32 cells  0 errors  0 unresolved  35770 tok
 221/629 CD230217 model   verified   71/71 cells  0 errors  0 unresolved  13034 tok
 222/629 CD230216 model   verified   23/24 cells  0 errors  0 unresolved  20856 tok
 223/629 CD230197 model   verified   270/274 cells  0 errors  0 unresolved  47792 tok
 224/629 CD230224 model   verified   29/29 cells  0 errors  0 unresolved  12898 tok
 225/629 CD230213 model   verified   56/64 cells  0 errors  0 unresolved  22244 tok
 226/629 CD230227 model   verified   48/48 cells  0 errors  0 unresolved  12956 tok
 227/629 CD230236 model   verified   64/64 cells  0 errors  0 unresolved  12923 tok
 228/629 CD230242 model   verified   35/35 cells  0 errors  0 unresolved  13021 tok
 229/629 CD230231 model   verified   37/37 cells  0 errors  0 unresolved  12827 tok
 230/629 CD230230 model   verified   190/195 cells  0 errors  0 unresolved  28710 tok
 231/629 CD230266 model   verified   35/49 cells  0 errors  0 unresolved  32372 tok
 232/629 CD230269 pattern errors     23/36 cells  14 errors  0 unresolved  23153 tok
 233/629 CD230272 model   unresolved 21/24 cells  0 errors  3 unresolved  21436 tok
 234/629 CD230268 model   verified   269/304 cells  0 errors  0 unresolved  42116 tok
 235/629 CD230284 model   verified   66/66 cells  0 errors  0 unresolved  12985 tok
 236/629 CD230257 model   verified   1149/1151 cells  0 errors  0 unresolved  75713 tok
 237/629 CD230277 pattern verified   15/15 cells  0 errors  0 unresolved  21938 tok
 238/629 CD230285 model   errors     24/28 cells  1 errors  3 unresolved  21570 tok
 239/629 CD230281 model   verified   101/103 cells  0 errors  0 unresolved  26853 tok
 240/629 CD230286 model   errors     24/24 cells  2 errors  0 unresolved  21219 tok
 241/629 CD230289 model   verified   32/36 cells  0 errors  0 unresolved  26868 tok
 242/629 CD230296 model   verified   35/35 cells  0 errors  0 unresolved  21959 tok
 243/629 CD230300 model   verified   45/48 cells  0 errors  0 unresolved  22283 tok
 244/629 CD230318 model   verified   48/48 cells  0 errors  0 unresolved  12948 tok
 245/629 CD230295 model   errors     63/64 cells  1 errors  0 unresolved  21285 tok
 246/629 CD230304 pattern verified   301/325 cells  0 errors  0 unresolved  46803 tok
 247/629 CD230306 model   verified   1044/1044 cells  0 errors  0 unresolved  55809 tok
 248/629 CD230338 model   verified   47/54 cells  0 errors  0 unresolved  21947 tok
 249/629 CD230324 model   errors     50/67 cells  7 errors  0 unresolved  29721 tok
 250/629 CD230344 model   errors     139/139 cells  1 errors  0 unresolved  25194 tok
 251/629 CD230353 model   verified   56/56 cells  0 errors  0 unresolved  13051 tok
 252/629 CD230340 model   verified   488/509 cells  0 errors  0 unresolved  38210 tok
 253/629 CD230322 model   errors     619/642 cells  5 errors  1 unresolved  54135 tok
 254/629 CD240022 model   verified   64/64 cells  0 errors  0 unresolved  14510 tok
 255/629 CD240014 model   errors     95/96 cells  1 errors  0 unresolved  21862 tok
 256/629 CD230348 model   verified   56/56 cells  0 errors  0 unresolved  16561 tok
 257/629 CD240026 model   verified   78/78 cells  0 errors  0 unresolved  13028 tok
 258/629 CD240007 model   verified   99/99 cells  0 errors  0 unresolved  15928 tok
 259/629 CD240024 model   verified   64/65 cells  0 errors  0 unresolved  21290 tok
 260/629 CD240027 model   unreadable -/- cells  0 errors  0 unresolved  12728 tok  (the reading found no table on the published pages)
 261/629 CD240028 model   verified   108/108 cells  0 errors  0 unresolved  13113 tok
 262/629 CD240029 pattern verified   30/30 cells  0 errors  0 unresolved  12856 tok
 263/629 CD240035 model   verified   61/61 cells  0 errors  0 unresolved  13098 tok
 264/629 CD240041 model   verified   28/28 cells  0 errors  0 unresolved  12752 tok
 265/629 CD240045 model   verified   64/64 cells  0 errors  0 unresolved  13082 tok
 266/629 CD240042 model   verified   229/229 cells  0 errors  0 unresolved  23372 tok
 267/629 CD240044 pattern verified   58/58 cells  0 errors  0 unresolved  23313 tok
 268/629 CD240037 model   verified   76/76 cells  0 errors  0 unresolved  13178 tok
 269/629 CD240050 model   verified   148/148 cells  0 errors  0 unresolved  13368 tok
 270/629 CD240062 model   verified   32/32 cells  0 errors  0 unresolved  12805 tok
 271/629 CD240075 model   verified   14/14 cells  0 errors  0 unresolved  12793 tok
 272/629 CD240051 model   verified   36/80 cells  0 errors  0 unresolved  36028 tok
 273/629 CD240047 model   verified   240/240 cells  0 errors  0 unresolved  23638 tok
 274/629 CD240084 model   verified   45/45 cells  0 errors  0 unresolved  12803 tok
 275/629 CD240095 model   unreadable -/- cells  0 errors  0 unresolved  0 tok  (no PDF)
 276/629 CD240080 model   errors     54/56 cells  2 errors  0 unresolved  31141 tok
 277/629 CD240099 model   verified   56/56 cells  0 errors  0 unresolved  13429 tok
 278/629 CD240105 model   verified   42/42 cells  0 errors  0 unresolved  12942 tok
 279/629 CD240079 model   errors     145/162 cells  17 errors  0 unresolved  40736 tok
 280/629 CD240098 model   verified   228/228 cells  0 errors  0 unresolved  27052 tok
 281/629 CD240106 model   verified   122/123 cells  0 errors  0 unresolved  21275 tok
 282/629 CD240129 model   verified   32/32 cells  0 errors  0 unresolved  12762 tok
 283/629 CD240094 model   errors     66/70 cells  1 errors  0 unresolved  40668 tok
 284/629 CD240125 model   verified   31/32 cells  0 errors  0 unresolved  20909 tok
 285/629 CD240139 model   errors     41/48 cells  6 errors  0 unresolved  22399 tok
 286/629 CD240133 model   errors     131/132 cells  1 errors  0 unresolved  21411 tok
 287/629 CD240114 model   verified   400/402 cells  0 errors  0 unresolved  32557 tok
 288/629 CD240147 model   verified   28/28 cells  0 errors  0 unresolved  21838 tok
 289/629 CD240152 model   unreadable -/- cells  0 errors  0 unresolved  0 tok  (no PDF)
 290/629 CD240149 model   verified   165/193 cells  0 errors  0 unresolved  31953 tok
 291/629 CD240153 pattern verified   6/6 cells  0 errors  0 unresolved  12907 tok
 292/629 CD240150 model   verified   56/56 cells  0 errors  0 unresolved  25561 tok
 293/629 CD240158 model   verified   64/64 cells  0 errors  0 unresolved  13395 tok
 294/629 CD240156 model   verified   16/16 cells  0 errors  0 unresolved  12970 tok
 295/629 CD240160 model   errors     31/36 cells  2 errors  2 unresolved  21931 tok
 296/629 CD240168 model   verified   484/484 cells  0 errors  0 unresolved  31587 tok
 297/629 CD240155 model   unresolved 94/98 cells  0 errors  4 unresolved  27650 tok
 298/629 CD240173 model   verified   31/32 cells  0 errors  0 unresolved  20893 tok
 299/629 CD240169 model   verified   369/369 cells  0 errors  0 unresolved  24261 tok
 300/629 CD240178 model   errors     130/149 cells  2 errors  0 unresolved  24355 tok
 301/629 CD240186 model   errors     29/32 cells  4 errors  0 unresolved  21836 tok
 302/629 CD240187 model   verified   24/24 cells  0 errors  0 unresolved  12787 tok
 303/629 CD240191 model   verified   64/64 cells  0 errors  0 unresolved  22018 tok
 304/629 CD240180 model   verified   540/540 cells  0 errors  0 unresolved  44818 tok
 305/629 CD240188 model   unresolved 79/80 cells  0 errors  1 unresolved  21649 tok
 306/629 CD240203 model   verified   40/40 cells  0 errors  0 unresolved  12797 tok
 307/629 CD240213 model   verified   88/88 cells  0 errors  0 unresolved  13036 tok
 308/629 CD240214 model   verified   27/27 cells  0 errors  0 unresolved  12726 tok
 309/629 CD240196 model   unreadable -/- cells  0 errors  0 unresolved  14053 tok  (the reading found no table on the published pages)
 310/629 CD240209 model   verified   60/64 cells  0 errors  0 unresolved  22060 tok
 311/629 CD240224 model   errors     30/36 cells  2 errors  0 unresolved  21785 tok
 312/629 CD240226 model   verified   32/36 cells  0 errors  0 unresolved  21427 tok
 313/629 CD240225 model   verified   52/52 cells  0 errors  0 unresolved  21948 tok
 314/629 CD240135 model   unresolved 931/1062 cells  0 errors  11 unresolved  115109 tok
 315/629 CD240227 model   verified   62/64 cells  0 errors  0 unresolved  21374 tok
 316/629 CD240232 model   verified   65/66 cells  0 errors  0 unresolved  21016 tok
 317/629 CD240230 model   errors     46/47 cells  1 errors  0 unresolved  20872 tok
 318/629 CD240237 model   verified   87/87 cells  0 errors  0 unresolved  23246 tok
 319/629 CD240240 model   verified   56/56 cells  0 errors  0 unresolved  13046 tok
 320/629 CD240231 model   errors     33/36 cells  3 errors  0 unresolved  21448 tok
 321/629 CD240244 model   errors     55/56 cells  1 errors  0 unresolved  21244 tok
 322/629 CD240253 model   verified   40/40 cells  0 errors  0 unresolved  12798 tok
 323/629 CD240245 model   errors     20/24 cells  4 errors  0 unresolved  21241 tok
 324/629 CD240249 model   errors     164/185 cells  1 errors  0 unresolved  35309 tok
 325/629 CD240254 model   unresolved 204/205 cells  0 errors  1 unresolved  28297 tok
 326/629 CD240262 model   verified   539/539 cells  0 errors  0 unresolved  31698 tok
 327/629 CD240247 model   verified   1159/1167 cells  0 errors  0 unresolved  59262 tok
 328/629 CD240269 model   verified   24/24 cells  0 errors  0 unresolved  12996 tok
 329/629 CD240290 model   verified   36/36 cells  0 errors  0 unresolved  13047 tok
 330/629 CD240267 model   verified   63/69 cells  0 errors  0 unresolved  32648 tok
 331/629 CD240306 model   verified   24/24 cells  0 errors  0 unresolved  12734 tok
 332/629 CD240301 model   verified   7/7 cells  0 errors  0 unresolved  30920 tok
 333/629 CD240312 model   verified   56/56 cells  0 errors  0 unresolved  13407 tok
 334/629 CD240314 model   unreadable -/- cells  0 errors  0 unresolved  0 tok  (no PDF)
 335/629 CD240284 model   verified   96/128 cells  0 errors  0 unresolved  39411 tok
 336/629 CD240309 pattern unresolved 19/20 cells  0 errors  1 unresolved  21160 tok
 337/629 CD240330 model   verified   80/84 cells  0 errors  0 unresolved  22132 tok
 338/629 CD240293 model   verified   8/8 cells  0 errors  0 unresolved  31490 tok
 339/629 CD240327 model   verified   331/336 cells  0 errors  0 unresolved  32929 tok
 340/629 CD240317 model   verified   32/32 cells  0 errors  0 unresolved  15805 tok
 341/629 CD240333 model   verified   288/288 cells  0 errors  0 unresolved  23551 tok
 342/629 CD240334 model   verified   197/197 cells  0 errors  0 unresolved  20209 tok
 343/629 CD240350 model   verified   108/108 cells  0 errors  0 unresolved  13339 tok
 344/629 CD240358         error      -/- cells  0 errors  0 unresolved  0 tok  (python exited 3221226356: )
 345/629 CD240349 model   verified   369/369 cells  0 errors  0 unresolved  33843 tok
 346/629 CD240359 model   verified   64/64 cells  0 errors  0 unresolved  12926 tok
 347/629 CD240368 model   verified   80/112 cells  0 errors  0 unresolved  42844 tok
 348/629 CD240347 model   unresolved 26/27 cells  0 errors  1 unresolved  27884 tok
 349/629 CD250002 model   verified   24/24 cells  0 errors  0 unresolved  12759 tok
 350/629 CD240352 model   unresolved 73/75 cells  0 errors  1 unresolved  32544 tok
 351/629 CD250014 model   verified   99/107 cells  0 errors  0 unresolved  31420 tok
 352/629 CD250048 model   verified   64/64 cells  0 errors  0 unresolved  16371 tok
 353/629 CD250067 pattern verified   15/15 cells  0 errors  0 unresolved  12768 tok
 354/629 CD250068 model   verified   30/30 cells  0 errors  0 unresolved  12790 tok
 355/629 CD250044 model   verified   397/399 cells  0 errors  0 unresolved  29626 tok
 356/629 CD250102 model   errors     23/24 cells  1 errors  0 unresolved  21109 tok
 357/629 CD250117 model   verified   40/40 cells  0 errors  0 unresolved  22617 tok
 358/629 CD250093 model   verified   82/82 cells  0 errors  0 unresolved  13145 tok
 359/629 CD250079 model   verified   125/125 cells  0 errors  0 unresolved  22350 tok
 360/629 CD240361 model   verified   335/445 cells  0 errors  0 unresolved  109427 tok
 361/629 CD250119 model   errors     17/18 cells  1 errors  0 unresolved  20952 tok
 362/629 CD250125 model   errors     36/36 cells  1 errors  0 unresolved  21022 tok
 363/629 CD250122 model   verified   72/88 cells  0 errors  0 unresolved  23207 tok
 364/629 CD250150 model   errors     27/28 cells  1 errors  0 unresolved  20874 tok
 365/629 CD250180 model   verified   40/40 cells  0 errors  0 unresolved  12912 tok
 366/629 CD250207 model   verified   86/86 cells  0 errors  0 unresolved  13158 tok
 367/629 CD250213 model   verified   152/152 cells  0 errors  0 unresolved  16565 tok
 368/629 CD250248 model   verified   29/32 cells  0 errors  0 unresolved  21169 tok
 369/629 CD250151 model   verified   361/363 cells  0 errors  0 unresolved  30234 tok
 370/629 CD250267 model   verified   56/56 cells  0 errors  0 unresolved  13187 tok
 371/629 CD250304 model   verified   24/24 cells  0 errors  0 unresolved  12753 tok
 372/629 CD260003 model   verified   32/32 cells  0 errors  0 unresolved  12762 tok
 373/629 CD250234 model   errors     48/48 cells  6 errors  0 unresolved  31271 tok
 374/629 CD260012 model   verified   29/32 cells  0 errors  0 unresolved  21524 tok
 375/629 CD260022 model   verified   11/11 cells  0 errors  0 unresolved  12706 tok
 376/629 CD260036 model   verified   56/56 cells  0 errors  0 unresolved  13058 tok
 377/629 CD260009 pattern unresolved 34/35 cells  0 errors  1 unresolved  24631 tok
 378/629 CD260045 model   verified   288/297 cells  0 errors  0 unresolved  33253 tok
 379/629 CD260077 model   verified   34/34 cells  0 errors  0 unresolved  13561 tok
 380/629 CD260064 model   verified   35/49 cells  0 errors  0 unresolved  22714 tok
 381/629 CD250148 model   verified   646/713 cells  0 errors  0 unresolved  107861 tok
656 plans checked {
  errors: 151,
  unresolved: 37,
  verified: 439,
  unreadable: 28,
  error: 1
}
by source: {
  'model:ag_total': { errors: 73, unresolved: 25, verified: 310, unreadable: 23 },
  pattern: { errors: 64, verified: 70, unreadable: 2, unresolved: 5 },
  'model:printed_total': { errors: 14, verified: 59, unresolved: 7, unreadable: 3 },
  undefined: { error: 1 }
}
cells: 96,108 of 101,526 agreed on the blind reading (94.66%)
confirmed errors by kind: {
  published_wrong: 1499,
  published_unit_not_in_table: 21,
  unit_missing_from_published: 222
}
confirmed wrong cells by field: {
  tax_m: 135,
  unit: 208,
  pct: 22,
  sqft: 109,
  carry_m: 161,
  cc_m: 7,
  baths: 569,
  beds: 178,
  price: 34,
  outdoor_sqft: 76
}
17,835,351 tokens
   1/629 CD240358         error      -/- cells  0 errors  0 unresolved  0 tok  (python exited 3221226356: )
656 plans checked {
  errors: 151,
  unresolved: 37,
  verified: 439,
  unreadable: 28,
  error: 1
}
by source: {
  'model:ag_total': { errors: 73, unresolved: 25, verified: 310, unreadable: 23 },
  pattern: { errors: 64, verified: 70, unreadable: 2, unresolved: 5 },
  'model:printed_total': { errors: 14, verified: 59, unresolved: 7, unreadable: 3 },
  undefined: { error: 1 }
}
cells: 96,108 of 101,526 agreed on the blind reading (94.66%)
confirmed errors by kind: {
  published_wrong: 1499,
  published_unit_not_in_table: 21,
  unit_missing_from_published: 222
}
confirmed wrong cells by field: {
  tax_m: 135,
  unit: 208,
  pct: 22,
  sqft: 109,
  carry_m: 161,
  cc_m: 7,
  baths: 569,
  beds: 178,
  price: 34,
  outdoor_sqft: 76
}
17,835,351 tokens
   1/83 CD160013 model   verified   48/48 cells  0 errors  0 unresolved  12838 tok
   2/83 CD160275 model   verified   46/46 cells  0 errors  0 unresolved  12895 tok
   3/83 CD150273 model   verified   245/245 cells  0 errors  0 unresolved  26951 tok
   4/83 CD160016 model   errors     257/281 cells  8 errors  0 unresolved  41392 tok
   5/83 CD160395 model   verified   40/40 cells  0 errors  0 unresolved  12845 tok
   6/83 CD170002 model   verified   40/40 cells  0 errors  0 unresolved  12793 tok
   7/83 CD170023 model   verified   90/90 cells  0 errors  0 unresolved  12997 tok
   8/83 CD170024 model   errors     52/57 cells  3 errors  0 unresolved  21823 tok
   9/83 CD170027 model   verified   96/96 cells  0 errors  0 unresolved  13203 tok
  10/83 CD160352 model   errors     361/376 cells  15 errors  0 unresolved  37725 tok
  11/83 CD170046 model   verified   48/48 cells  0 errors  0 unresolved  12862 tok
  12/83 CD170185 model   verified   80/80 cells  0 errors  0 unresolved  13045 tok
  13/83 CD180014 model   verified   152/152 cells  0 errors  0 unresolved  13357 tok
  14/83 CD180038 model   verified   464/464 cells  0 errors  0 unresolved  34177 tok
  15/83 CD180067 model   verified   483/517 cells  0 errors  0 unresolved  72412 tok
  16/83 CD180051 model   verified   709/726 cells  0 errors  0 unresolved  68922 tok
  17/83 CD070306         error      -/- cells  0 errors  0 unresolved  0 tok  (timed out after 600s)
  18/83 CD180177 model   verified   30/30 cells  0 errors  0 unresolved  13090 tok
  19/83 CD180299 model   verified   56/56 cells  0 errors  0 unresolved  12870 tok
  20/83 CD180315 model   verified   38/38 cells  0 errors  0 unresolved  13229 tok
  21/83 CD160277 model   verified   846/960 cells  0 errors  0 unresolved  124565 tok
  22/83 CD180195 model   errors     40/75 cells  20 errors  0 unresolved  35135 tok
  23/83 CD180149 model   verified   506/507 cells  0 errors  0 unresolved  46063 tok
  24/83 CD180344 model   verified   70/90 cells  0 errors  0 unresolved  23427 tok
  25/83 CD180435 model   verified   80/80 cells  0 errors  0 unresolved  13076 tok
  26/83 CD190076 model   verified   64/64 cells  0 errors  0 unresolved  12914 tok
  27/83 CD180478 model   unresolved 55/56 cells  0 errors  1 unresolved  21458 tok
  28/83 CD180389 model   verified   420/421 cells  0 errors  0 unresolved  29909 tok
  29/83 CD180481 model   verified   38/40 cells  0 errors  0 unresolved  21225 tok
  30/83 CD190092 model   verified   33/33 cells  0 errors  0 unresolved  12761 tok
  31/83 CD190089 model   verified   134/134 cells  0 errors  0 unresolved  13725 tok
  32/83 CD190100 model   verified   54/54 cells  0 errors  0 unresolved  13144 tok
  33/83 CD190109 model   verified   88/88 cells  0 errors  0 unresolved  13067 tok
  34/83 CD190110 model   verified   88/88 cells  0 errors  0 unresolved  13329 tok
  35/83 CD190143 model   verified   53/53 cells  0 errors  0 unresolved  12881 tok
  36/83 CD190154 model   verified   42/42 cells  0 errors  0 unresolved  12846 tok
  37/83 CD190150 model   verified   32/32 cells  0 errors  0 unresolved  12771 tok
  38/83 CD190112 model   verified   70/80 cells  0 errors  0 unresolved  32348 tok
  39/83 CD190210 model   verified   112/112 cells  0 errors  0 unresolved  13184 tok
  40/83 CD190227 model   verified   64/64 cells  0 errors  0 unresolved  12911 tok
  41/83 CD190200 model   unresolved 36/48 cells  0 errors  12 unresolved  23326 tok
  42/83 CD190252 model   verified   90/90 cells  0 errors  0 unresolved  12996 tok
  43/83 CD190234 model   verified   64/64 cells  0 errors  0 unresolved  12961 tok
  44/83 CD190269 model   unresolved 61/64 cells  0 errors  3 unresolved  21517 tok
  45/83 CD190217 model   verified   83/107 cells  0 errors  0 unresolved  25154 tok
  46/83 CD190105 model   errors     950/1031 cells  21 errors  30 unresolved  101914 tok
  47/83 CD190290 model   verified   24/24 cells  0 errors  0 unresolved  12726 tok
  48/83 CD190333 model   verified   56/56 cells  0 errors  0 unresolved  12892 tok
  49/83 CD190344 model   verified   54/54 cells  0 errors  0 unresolved  12837 tok
  50/83 CD190288 model   verified   362/364 cells  0 errors  0 unresolved  34407 tok
  51/83 CD190376 model   verified   32/32 cells  0 errors  0 unresolved  12763 tok
  52/83 CD190399 model   verified   32/32 cells  0 errors  0 unresolved  12766 tok
  53/83 CD190407 model   verified   60/78 cells  0 errors  0 unresolved  26357 tok
  54/83 CD190382 model   errors     50/66 cells  16 errors  0 unresolved  24061 tok
  55/83 CD200006 model   verified   35/35 cells  0 errors  0 unresolved  12897 tok
  56/83 CD190384 model   verified   150/154 cells  0 errors  0 unresolved  29933 tok
  57/83 CD200013 model   verified   70/70 cells  0 errors  0 unresolved  13371 tok
  58/83 CD200026 model   verified   34/34 cells  0 errors  0 unresolved  12888 tok
  59/83 CD200023 model   verified   70/90 cells  0 errors  0 unresolved  23656 tok
  60/83 CD200072 model   verified   51/53 cells  0 errors  0 unresolved  21030 tok
  61/83 CD200077 model   verified   165/165 cells  0 errors  0 unresolved  20012 tok
  62/83 CD200036 model   errors     77/79 cells  2 errors  0 unresolved  21308 tok
  63/83 CD200083 model   verified   24/24 cells  0 errors  0 unresolved  12725 tok
  64/83 CD200021 model   verified   233/272 cells  0 errors  0 unresolved  52181 tok
  65/83 CD200149 model   verified   36/36 cells  0 errors  0 unresolved  12867 tok
  66/83 CD200119 model   unresolved 60/62 cells  0 errors  2 unresolved  21309 tok
  67/83 CD190398 model   errors     186/303 cells  54 errors  2 unresolved  77747 tok
  68/83 CD200135 model   verified   126/126 cells  0 errors  0 unresolved  26334 tok
  69/83 CD200160 model   verified   70/71 cells  0 errors  0 unresolved  20949 tok
  70/83 CD200173 model   errors     143/144 cells  1 errors  0 unresolved  21635 tok
  71/83 CD200206 model   verified   80/80 cells  0 errors  0 unresolved  13033 tok
  72/83 CD200212 model   verified   32/32 cells  0 errors  0 unresolved  12802 tok
  73/83 CD200167 model   verified   1278/1282 cells  0 errors  0 unresolved  89385 tok
  74/83 CD200189 model   verified   60/70 cells  0 errors  0 unresolved  22460 tok
  75/83 CD200246 model   verified   56/56 cells  0 errors  0 unresolved  13124 tok
  76/83 CD200247 model   verified   49/49 cells  0 errors  0 unresolved  13165 tok
  77/83 CD200240 model   verified   80/80 cells  0 errors  0 unresolved  16442 tok
  78/83 CD200252 model   verified   36/36 cells  0 errors  0 unresolved  12837 tok
  79/83 CD200259 model   verified   56/56 cells  0 errors  0 unresolved  12901 tok
  80/83 CD200262 model   unreadable -/- cells  0 errors  0 unresolved  22201 tok  (the reading found no table on the published pages)
  81/83 CD200275 model   verified   8/8 cells  0 errors  0 unresolved  21086 tok
  82/83 CD200268 model   verified   23/26 cells  0 errors  0 unresolved  21745 tok
  83/83 CD200216 model   unresolved 189/311 cells  0 errors  4 unresolved  79507 tok
656 plans checked {
  errors: 120,
  unresolved: 42,
  verified: 463,
  error: 2,
  unreadable: 29
}
by source: {
  'model:ag_total': { errors: 82, unresolved: 30, verified: 377, unreadable: 24 },
  pattern: { errors: 24, verified: 27, unreadable: 2, unresolved: 5 },
  undefined: { error: 2 },
  'model:printed_total': { errors: 14, verified: 59, unresolved: 7, unreadable: 3 }
}
cells: 101,245 of 106,938 agreed on the blind reading (94.68%)
confirmed errors by kind: {
  published_wrong: 1280,
  published_unit_not_in_table: 15,
  unit_missing_from_published: 207
}
confirmed wrong cells by field: {
  tax_m: 193,
  unit: 170,
  pct: 22,
  sqft: 62,
  carry_m: 214,
  cc_m: 7,
  baths: 397,
  beds: 133,
  price: 3,
  outdoor_sqft: 79
}
17,818,284 tokens
