[2026-10-01T18:28:30.071Z] start schedule-a not found (attempt 1)
576 plans
   1 CD000135 no_pdf
   2 CD000058 no_pdf
   3 CD010044 no_pdf
   4 CD000143 no_pdf
   5 CD010058 no_pdf
   6 CD010127 no_pdf
   7 CD010143 not_located  (listed in the contents without a page)
   8 CD010148 not_located  (listed in the contents without a page)
   9 CD020091 no_pdf
  10 CD020131 no_pdf
  11 CD030065 no_pdf
  12 CD030093 no_pdf
  13 CD030098 no_pdf
  14 CD030213 no_pdf
  15 CD030235 no_schedule_a  (not in the table of contents)
  16 CD030253 found
  17 CD030265 no_pdf
  18 CD010084 no_schedule_a  (not in the table of contents)
  19 CD040050 no_pdf
  20 CC090001 found
  21 CD040077 no_pdf
  22 CD040041 found
  23 CD040125 no_pdf
  24 CD040161 no_pdf
  25 CD040071 found
  26 CD040124 found
  27 CD040315 found
  28 CD040356 no_pdf
  29 CD040359 no_pdf
  30 CD040384 no_pdf
  31 CD040398 no_pdf
  32 CD040401 no_pdf
  33 CD040412 found
  34 CD040435 no_pdf
  35 CD040439 no_pdf
  36 CD040441 found
  37 CD040343 not_located  (contents say page 22; the PDF page wasn't found)
  38 CD050019 no_pdf
  39 CD050025 no_pdf
  40 CD050026 no_pdf
  41 CD050065 no_pdf
  42 CD050076 no_pdf
  43 CD050079 no_pdf
  44 CD050089 no_pdf
  45 CD050102 no_pdf
  46 CD050115 no_pdf
  47 CD040303 found
  48 CD050160 found
  49 CD050011 not_located  (contents say page 1; the PDF page wasn't found)
  50 CD050216 no_pdf
  51 CD050153 found
  52 CD050163 not_located  (contents say page 7; the PDF page wasn't found)
  53 CD050254 found
  54 CD050287 no_pdf
  55 CD050263 found
  56 CD050328 found
  57 CD050390 no_pdf
  58 CD050452 no_pdf
  59 CD050503 no_pdf
  60 CD050511 no_pdf
  61 CD050246 not_located  (contents say page 3; the PDF page wasn't found)
  62 CD050586 no_schedule_a  (not in the table of contents)
  63 CD050634 no_pdf
  64 CD050654 no_pdf
  65 CD050668 found
  66 CD060025 not_located  (no price table on PDF pages 16-23 (contents say page 13))
  67 CD050560 found
  68 CD060072 no_pdf
  69 CD060078 no_pdf
  70 CD050363 not_located  (contents say page 7; the PDF page wasn't found)
  71 CD060098 found
  72 CD060121 found
  73 CD060131 no_pdf
  74 CD060154 no_pdf
  75 CD060191 no_schedule_a  (not in the table of contents)
  76 CD060212 found
  77 CD060218 no_pdf
  78 CD060095 found
  79 CD060278 no_pdf
  80 CD060281 no_pdf
  81 CD060232 found
  82 CD060296 no_pdf
  83 CD060292 found
  84 CD060308 no_schedule_a  (not in the table of contents)
  85 CD060412 no_pdf
  86 CD060416 no_pdf
  87 CD060421 no_pdf
  88 CD060055 found
  89 CD060426 no_pdf
  90 CD060434 found
  91 CD060472 no_pdf
  92 CD060506 no_pdf
  93 CD060572 no_pdf
  94 CD060623 no_pdf
  95 CD060635 no_pdf
  96 CD060684 found
  97 CD060425 not_located  (contents say page 17; the PDF page wasn't found)
  98 CD060707 no_pdf
  99 CD060728 no_pdf
 100 CD060729 no_pdf
 101 CD060751 no_pdf
 102 CD060770 found
 103 CD060783 no_pdf
 104 CD060693 not_located  (contents say page 10; the PDF page wasn't found)
 105 CD060822 no_schedule_a  (not in the table of contents)
 106 CD060318 found
 107 CD070030 found
 108 CD070131 no_pdf
 109 CD070163 no_pdf
 110 CD060818 not_located  (contents say page 42; the PDF page wasn't found)
 111 CD070227 no_pdf
 112 CD070230 no_pdf
 113 CD070195 found
 114 CD070264 no_pdf
 115 CD070287 no_pdf
 116 CD070238 not_located  (listed in the contents without a page)
 117 CD070296 found
 118 CD070093 found
 119 CD070416 no_pdf
 120 CD070453 no_pdf
 121 CD070387 not_located  (no price table on PDF pages 8-15 (contents say page 9))
 122 CD070499 found
 123 CD070582 not_located  (listed in the contents without a page)
 124 CD070330 found
 125 CD070609 found
 126 CD070652 no_pdf
 127 CD080009 no_pdf
 128 CD080130 found
 129 CD080141 no_pdf
 130 CD070593 found
 131 CD080192 no_pdf
 132 CD080229 no_pdf
 133 CD070529 not_located  (contents say page 28; the PDF page wasn't found)
 134 CD080446 no_pdf
 135 CD080482 no_pdf
 136 CD080488 no_pdf
 137 CD080353 no_schedule_a  (not in the table of contents)
 138 CD080606 no_pdf
 139 CD080657 no_pdf
 140 CD090115 no_pdf
 141 CD090218 no_pdf
 142 CD090268 found
 143 CD090289 no_pdf
 144 CD100033 no_pdf
 145 CD100054 no_pdf
 146 CD100078 no_pdf
 147 CD080171 not_located  (contents say page 16; the PDF page wasn't found)
 148 CD100125 no_pdf
 149 CD100127 no_pdf
 150 CD100195 no_pdf
 151 CD100203 no_pdf
 152 CD100208 found
 153 CD100222 no_pdf
 154 CD080586 found
 155 CD110076 no_pdf
 156 CD110080 no_pdf
 157 CD110083 no_pdf
 158 CD110215 no_pdf
 159 CD100114 not_located  (contents say page 34; the PDF page wasn't found)
 160 CD120157 no_pdf
 161 CD130030 no_pdf
 162 CD110025 not_located  (no price table on PDF pages 27-34 (contents say page 18))
 163 CD110222 found
 164 CD130040 found
 165 CD130106 no_pdf
 166 CD130032 found
 167 CD130130 no_pdf
 168 CD130134 no_pdf
 169 CD130158 no_pdf
 170 CD130114 found
 171 CD130173 found
 172 CD130276 found
 173 CD130323 found
 174 CD130277 not_located  (contents say page 23; the PDF page wasn't found)
 175 CD130089 not_located  (contents say page 43; the PDF page wasn't found)
 176 CD140036 no_pdf
 177 CD140024 not_located  (listed in the contents without a page)
 178 CD140073 no_pdf
 179 CD140090 no_pdf
 180 CD140014 found
 181 CD140129 no_pdf
 182 CD140106 not_located  (contents say page 32; the PDF page wasn't found)
 183 CD140043 not_located  (contents say page 44; the PDF page wasn't found)
 184 CD140151 no_pdf
 185 CD140149 found
 186 CD140246 no_pdf
 187 CD140140 found
 188 CD140253 found
 189 CD140292 found
 190 CD140230 found
 191 CD140317 found
 192 CD140339 no_pdf
 193 CD140345 no_pdf
 194 CD140363 no_pdf
 195 CD140259 not_located  (contents say page 43; the PDF page wasn't found)
 196 CD150002 found
 197 CD150003 no_pdf
 198 CD150066 no_pdf
 199 CD150033 no_schedule_a  (not in the table of contents)
 200 CD140311 found
 201 CD150088 not_located  (listed in the contents without a page)
 202 CD150111 found
 203 CD150097 not_located  (contents say page 13; the PDF page wasn't found)
 204 CD150135 not_located  (contents say page 42; the PDF page wasn't found)
 205 CD150095 found
 206 CD150212 not_located  (no price table on PDF pages 24-31 (contents say page 18))
 207 CD150241 found
 208 CD150185 not_located  (contents say page 40; the PDF page wasn't found)
 209 CD150301 no_pdf
 210 CD150260 found
 211 CD150336 no_pdf
 212 CD150364 found
 213 CD150376 no_pdf
 214 CD150382 found
 215 CD150389 found
 216 CD150306 found
 217 CD160027 found
 218 CD160069 no_pdf
 219 CD160075 found
 220 CD150300 found
 221 CD160113 found
 222 CD160045 found
 223 CD160158 no_pdf
 224 CD160195 no_pdf
 225 CD160128 found
 226 CD160216 no_pdf
 227 CD160149 not_located  (contents say page 29; the PDF page wasn't found)
 228 CD160243 found
 229 CD160209 not_located  (contents say page 22; the PDF page wasn't found)
 230 CD160241 found
 231 CD160273 not_located  (no price table on PDF pages 28-35 (contents say page 25))
 232 CD160269 not_located  (contents say page 21; the PDF page wasn't found)
 233 CD160276 found
 234 CD160297 found
 235 CD160303 no_pdf
 236 CD160328 no_pdf
 237 CD160278 not_located  (no price table on PDF pages 27-34 (contents say page 27))
 238 CD160336 not_located  (contents say page 33; the PDF page wasn't found)
 239 CD160302 not_located  (no price table on PDF pages 22-29 (contents say page 21))
 240 CD160355 not_located  (contents say page 21; the PDF page wasn't found)
 241 CD160347 not_located  (contents say page 15; the PDF page wasn't found)
 242 CD160358 not_located  (no price table on PDF pages 26-33 (contents say page 25))
 243 CD160401 found
 244 CD160412 no_pdf
 245 CD160398 not_located  (contents say page 22; the PDF page wasn't found)
 246 CD160408 not_located  (contents say page 12; the PDF page wasn't found)
 247 CD160416 not_located  (contents say page 38; the PDF page wasn't found)
 248 CD170005 found
 249 CD170014 found
 250 CD170006 found
 251 CD170021 found
 252 CD170011 found
 253 CD170044 not_located  (no price table on PDF pages 42-49 (contents say page 39))
 254 CD170039 not_located  (contents say page 26; the PDF page wasn't found)
 255 CD170054 found
 256 CD170048 found
 257 CD170068 no_pdf
 258 CD170072 no_pdf
 259 CD170061 found
 260 CD170049 not_located  (contents say page 8; the PDF page wasn't found)
 261 CD170075 not_located  (contents say page 16; the PDF page wasn't found)
 262 CD170129 no_pdf
 263 CD170133 no_pdf
 264 CD170073 found
 265 CD170136 found
 266 CD170170 not_located  (no price table on PDF pages 236-243 (contents say page 233))
 267 CD170206 no_pdf
 268 CD170211 found
 269 CD170194 found
 270 CD170221 no_pdf
 271 CD170222 no_pdf
 272 CD170125 not_located  (contents say page 226; the PDF page wasn't found)
 273 CD170250 found
 274 CD170220 not_located  (contents say page 25; the PDF page wasn't found)
 275 CD170344 found
 276 CD170360 no_pdf
 277 CD170363 no_pdf
 278 CD170380 found
 279 CD180013 no_pdf
 280 CD180049 no_pdf
 281 CD180065 found
 282 CD170264 found
 283 CD170269 found
 284 CD180139 found
 285 CD180169 no_schedule_a  (not in the table of contents)
 286 CD180172 found
 287 CD180175 found
 288 CD180087 not_located  (contents say page 21; the PDF page wasn't found)
 289 CD180179 found
 290 CD180176 found
 291 CD180081 found
 292 CD180183 not_located  (contents say page 31; the PDF page wasn't found)
 293 CD180181 not_located  (contents say page 31; the PDF page wasn't found)
 294 CD180191 not_located  (contents say page 31; the PDF page wasn't found)
 295 CD180185 not_located  (contents say page 31; the PDF page wasn't found)
 296 CD180190 not_located  (contents say page 31; the PDF page wasn't found)
 297 CD180228 found
 298 CD180276 not_located  (listed in the contents without a page)
 299 CD180265 found
 300 CD180194 not_located  (contents say page 56; the PDF page wasn't found)
 301 CD180279 found
 302 CD180350 no_pdf
 303 CD180326 not_located  (no price table on PDF pages 31-38 (contents say page 31))
 304 CD180354 no_pdf
 305 CD180351 not_located  (contents say page 22; the PDF page wasn't found)
 306 CD180374 found
 307 CD180316 not_located  (contents say page 31; the PDF page wasn't found)
 308 CD180381 no_pdf
 309 CD180368 not_located  (contents say page 32; the PDF page wasn't found)
 310 CD180428 found
 311 CD180376 found
 312 CD180393 found
 313 CD180448 found
 314 CD190009 found
 315 CD190040 no_pdf
 316 CD180469 found
 317 CD180457 found
 318 CD190043 not_located  (contents say page 24; the PDF page wasn't found)
 319 CD190053 not_located  (contents say page 31; the PDF page wasn't found)
 320 CD190052 found
 321 CD190074 found
 322 CD190138 no_pdf
 323 CD190084 found
 324 CD190067 found
 325 CD190161 found
 326 CD190165 found
 327 CD190140 not_located  (no price table on PDF pages 26-33 (contents say page 26))
 328 CD190180 found
 329 CD190173 not_located  (no price table on PDF pages 26-33 (contents say page 27))
 330 CD190179 found
 331 CD190187 no_pdf
 332 CD190183 not_located  (contents say page 35; the PDF page wasn't found)
 333 CD190185 not_located  (no price table on PDF pages 41-48 (contents say page 29))
 334 CD190193 found
 335 CD190189 found
 336 CD190190 found
 337 CD190238 found
 338 CD190206 not_located  (contents say page 30; the PDF page wasn't found)
 339 CD190208 found
 340 CD190258 found
 341 CD190276 found
 342 CD190287 found
 343 CD190244 found
 344 CD190291 no_schedule_a  (not in the table of contents)
 345 CD190289 found
 346 CD190312 found
 347 CD190253 not_located  (contents say page 17; the PDF page wasn't found)
 348 CD190315 not_located  (contents say page 17; the PDF page wasn't found)
 349 CD190332 found
 350 CD190342 no_pdf
 351 CD190306 found
 352 CD190356 found
 353 CD190343 not_located  (no price table on PDF pages 15-22 (contents say page 12))
 354 CD190358 found
 355 CD190327 found
 356 CD190368 not_located  (no price table on PDF pages 163-170 (contents say page 160))
 357 CD190365 not_located  (no price table on PDF pages 72-79 (contents say page 73))
 358 CD190377 found
 359 CD190363 found
 360 CD190392 not_located  (contents say page 30; the PDF page wasn't found)
 361 CD190408 found
 362 CD190413 found
 363 CD190415 found
 364 CD190394 not_located  (contents say page 38; the PDF page wasn't found)
 365 CD190421 found
 366 CD190370 not_located  (contents say page 23; the PDF page wasn't found)
 367 CD200012 not_located  (no price table on PDF pages 38-45 (contents say page 35))
 368 CD200034 no_pdf
 369 CD200038 no_pdf
 370 CD200040 no_pdf
 371 CD200041 no_pdf
 372 CD200042 no_pdf
 373 CD200015 not_located  (contents say page 21; the PDF page wasn't found)
 374 CD200003 not_located  (contents say page 29; the PDF page wasn't found)
 375 CD200052 found
 376 CD200051 found
 377 CD200070 no_pdf
 378 CD200056 not_located  (contents say page 37; the PDF page wasn't found)
 379 CD200076 found
 380 CD200084 found
 381 CD200063 not_located  (no price table on PDF pages 17-24 (contents say page 17))
 382 CD200094 no_pdf
 383 CD200088 not_located  (contents say page 30; the PDF page wasn't found)
 384 CD200097 found
 385 CD200096 found
 386 CD200101 found
 387 CD200090 found
 388 CD200106 found
 389 CD200100 found
 390 CD200137 found
 391 CD200143 no_schedule_a  (not in the table of contents)
 392 CD200103 found
 393 CD200169 no_pdf
 394 CD200156 not_located  (contents say page 45; the PDF page wasn't found)
 395 CD200170 found
 396 CD200186 no_pdf
 397 CD200113 found
 398 CD200197 no_schedule_a  (not in the table of contents)
 399 CD200174 found
 400 CD200222 no_pdf
 401 CD200236 no_pdf
 402 CD200196 not_located  (contents say page 29; the PDF page wasn't found)
 403 CD200207 not_located  (no price table on PDF pages 41-48 (contents say page 38))
 404 CD200257 no_pdf
 405 CD200258 no_pdf
 406 CD200266 found
 407 CD200269 found
 408 CD200308 no_pdf
 409 CD200256 found
 410 CD200314 found
 411 CD200319 found
 412 CD200322 found
 413 CD200328 found
 414 CD200245 not_located  (contents say page 18; the PDF page wasn't found)
 415 CD210009 found
 416 CD210016 found
 417 CD210006 not_located  (contents say page 30; the PDF page wasn't found)
 418 CD210054 no_pdf
 419 CD210036 found
 420 CD210061 found
 421 CD210086 found
 422 CD210079 found
 423 CD210097 found
 424 CD210098 found
 425 CD210100 no_pdf
 426 CD210033 not_located  (contents say page 30; the PDF page wasn't found)
 427 CD210101 found
 428 CD210110 no_pdf
 429 CD210096 not_located  (no price table on PDF pages 40-47 (contents say page 37))
 430 CD210114 found
 431 CD210123 found
 432 CD210127 not_located  (no price table on PDF pages 12-19 (contents say page 11))
 433 CD210106 not_located  (contents say page 22; the PDF page wasn't found)
 434 CD210117 found
 435 CD210160 no_pdf
 436 CD210154 not_located  (contents say page 10; the PDF page wasn't found)
 437 CD210161 found
 438 CD210180 found
 439 CD210144 found
 440 CD210170 found
 441 CD210197 found
 442 CD210193 found
 443 CD210191 found
 444 CD210199 not_located  (no price table on PDF pages 21-28 (contents say page 18))
 445 CD210227 found
 446 CD210211 found
 447 CD210231 found
 448 CD210221 found
 449 CD210236 found
 450 CD210246 no_pdf
 451 CD210263 found
 452 CD210241 found
 453 CD210243 not_located  (contents say page 45; the PDF page wasn't found)
 454 CD210292 found
 455 CD210302 found
 456 CD210284 not_located  (no price table on PDF pages 21-28 (contents say page 21))
 457 CD210318 not_located  (no price table on PDF pages 39-46 (contents say page 36))
 458 CD210339 found
 459 CD210333 found
 460 CD210323 found
 461 CD220038 found
 462 CD220059 found
 463 CD220057 not_located  (no price table on PDF pages 21-28 (contents say page 18))
 464 CD220056 found
 465 CD220067 no_schedule_a  (not in the table of contents)
 466 CD220068 no_pdf
 467 CD220139 found
 468 CD220065 found
 469 CD220149 found
 470 CD220062 found
 471 CD220178 not_located  (listed in the contents without a page)
 472 CD220160 not_located  (contents say page 24; the PDF page wasn't found)
 473 CD220182 not_located  (no price table on PDF pages 13-20 (contents say page 11))
 474 CD220186 found
 475 CD220204 found
 476 CD220212 found
 477 CD220199 found
 478 CD220146 not_located  (contents say page 31; the PDF page wasn't found)
 479 CD220220 not_located  (no price table on PDF pages 46-53 (contents say page 43))
 480 CD220226 not_located  (no price table on PDF pages 45-52 (contents say page 42))
 481 CD220219 not_located  (no price table on PDF pages 45-52 (contents say page 42))
 482 CD220227 found
 483 CD220240 no_pdf
 484 CD220229 not_located  (contents say page 35; the PDF page wasn't found)
 485 CD220235 found
 486 CD220251 found
 487 CD220272 no_pdf
 488 CD220266 found
 489 CD230011 no_pdf
 490 CD220282 not_located  (contents say page 31; the PDF page wasn't found)
 491 CD220249 not_located  (contents say page 40; the PDF page wasn't found)
 492 CD230073 found
 493 CD230042 found
 494 CD230080 not_located  (no price table on PDF pages 20-27 (contents say page 18))
 495 CD230079 not_located  (contents say page 18; the PDF page wasn't found)
 496 CD230078 not_located  (contents say page 17; the PDF page wasn't found)
 497 CD230084 found
 498 CD230100 found
 499 CD230107 no_pdf
 500 CD230086 not_located  (no price table on PDF pages 22-29 (contents say page 23))
 501 CD230098 found
 502 CD230151 not_located  (no price table on PDF pages 22-29 (contents say page 19))
 503 CD230159 no_pdf
 504 CD230120 not_located  (contents say page 31; the PDF page wasn't found)
 505 CD230133 not_located  (contents say page 31; the PDF page wasn't found)
 506 CD230165 found
 507 CD230162 found
 508 CD230160 not_located  (contents say page 16; the PDF page wasn't found)
 509 CD230168 found
 510 CD230175 found
 511 CD230173 not_located  (no price table on PDF pages 29-36 (contents say page 30))
 512 CD230179 found
 513 CD230180 found
 514 CD230188 no_pdf
 515 CD230190 found
 516 CD230186 found
 517 CD230199 found
 518 CD230203 found
 519 CD230223 found
 520 CD230243 found
 521 CD230233 not_located  (contents say page 30; the PDF page wasn't found)
 522 CD230249 found
 523 CD230215 found
 524 CD230253 found
 525 CD230323 found
 526 CD230259 not_located  (no price table on PDF pages 21-28 (contents say page 18))
 527 CD230264 found
 528 CD230325 found
 529 CD230350 found
 530 CD230354 not_located  (contents say page 30; the PDF page wasn't found)
 531 CD240004 not_located  (contents say page 35; the PDF page wasn't found)
 532 CD240033 found
 533 CD240048 no_pdf
 534 CD240019 not_located  (no price table on PDF pages 21-28 (contents say page 18))
 535 CD240053 not_located  (contents say page 30; the PDF page wasn't found)
 536 CD240061 found
 537 CD240065 found
 538 CD240058 not_located  (contents say page 51; the PDF page wasn't found)
 539 CD240067 found
 540 CD240066 found
 541 CD240020 not_located  (contents say page 18; the PDF page wasn't found)
 542 CD240115 no_pdf
 543 CD240116 found
 544 CD240088 not_located  (contents say page 30; the PDF page wasn't found)
 545 CD240128 found
 546 CD240167 found
 547 CD240096 found
 548 CD240212 found
 549 CD240182 not_located  (contents say page 33; the PDF page wasn't found)
 550 CD240193 not_located  (no price table on PDF pages 19-26 (contents say page 20))
 551 CD240239 found
 552 CD240218 found
 553 CD240223 not_located  (contents say page 35; the PDF page wasn't found)
 554 CD240300 no_pdf
 555 CD240304 found
 556 CD240322 no_pdf
 557 CD240272 not_located  (no price table on PDF pages 49-56 (contents say page 46))
 558 CD240348 found
 559 CD240363 found
 560 CD240279 found
 561 CD240374 found
 562 CD250019 no_pdf
 563 CD240332 not_located  (no price table on PDF pages 20-27 (contents say page 21))
 564 CD240372 not_located  (contents say page 19; the PDF page wasn't found)
 565 CD250176 no_pdf
 566 CD250185 no_pdf
 567 CD250047 not_located  (contents say page 30; the PDF page wasn't found)
 568 CD250315 no_pdf
 569 CD250236 not_located  (contents say page 18; the PDF page wasn't found)
 570 CD250101 found
 571 CD990153 no_schedule_a  (not in the table of contents)
 572 CD260087 not_located  (contents say page 27; the PDF page wasn't found)
[2026-10-01T21:09:07.224Z] end schedule-a not found: exit 0, 0 plans in error
[2026-10-01T21:09:07.225Z] start schedule-b (attempt 1)
   1 CD010196 verified  13/13 agree, 0 errors, 0 unresolved
   2 CD010166 verified  14/14 agree, 0 errors, 0 unresolved
   3 CD030127 unresolved  29/30 agree, 0 errors, 3 unresolved
   4 CD040091 verified  12/12 agree, 0 errors, 0 unresolved
   5 CD040005 verified  12/12 agree, 0 errors, 0 unresolved
   6 CD040343 verified  17/17 agree, 0 errors, 0 unresolved
   7 CD040103 errors  11/18 agree, 21 errors, 1 unresolved
   8 CD040441 errors  9/20 agree, 24 errors, 0 unresolved
   9 CD050029 verified  19/19 agree, 0 errors, 0 unresolved
  10 CD050154 errors  19/19 agree, 33 errors, 0 unresolved
  11 CD050295 verified  14/14 agree, 0 errors, 0 unresolved
  12 CD050046 errors  7/16 agree, 21 errors, 0 unresolved
  13 CD050324 verified  16/16 agree, 0 errors, 0 unresolved
  14 CD050463 verified  14/14 agree, 0 errors, 0 unresolved
  15 CD050328 verified  18/18 agree, 0 errors, 0 unresolved
  16 CD050586 verified  14/14 agree, 0 errors, 0 unresolved
  17 CD050637 errors  16/17 agree, 2 errors, 0 unresolved
  18 CD050269 errors  6/17 agree, 24 errors, 2 unresolved
  19 CD050517 verified  14/14 agree, 0 errors, 0 unresolved
  20 CD050674 verified  15/15 agree, 0 errors, 0 unresolved
  21 CD050644 verified  23/23 agree, 0 errors, 0 unresolved
  22 CD060224 errors  17/17 agree, 4 errors, 0 unresolved
  23 CD060286 verified  14/14 agree, 0 errors, 0 unresolved
  24 CD060292 errors  4/16 agree, 25 errors, 2 unresolved
  25 CD060413 errors  18/18 agree, 2 errors, 0 unresolved
  26 CD060195 errors  8/21 agree, 34 errors, 0 unresolved
  27 CD060095 errors  7/21 agree, 44 errors, 0 unresolved
  28 CD060551 errors  13/14 agree, 1 errors, 2 unresolved
  29 CD060570 errors  6/16 agree, 24 errors, 0 unresolved
  30 CD060616 verified  12/15 agree, 0 errors, 0 unresolved
  31 CD060770 errors  6/17 agree, 27 errors, 0 unresolved
  32 CD070051 verified  15/15 agree, 0 errors, 0 unresolved
  33 CD060592 errors  12/14 agree, 2 errors, 0 unresolved
  34 CD070306 verified  16/16 agree, 0 errors, 0 unresolved
  35 CD060643 verified  20/20 agree, 0 errors, 0 unresolved
  36 CD070643 verified  14/14 agree, 0 errors, 0 unresolved
  37 CD080071 verified  16/16 agree, 0 errors, 0 unresolved
  38 CD080130 verified  11/14 agree, 0 errors, 0 unresolved
  39 CD080288 verified  14/14 agree, 0 errors, 0 unresolved
  40 CD070666 errors  19/19 agree, 17 errors, 0 unresolved
  41 CD080353 verified  10/14 agree, 0 errors, 0 unresolved
  42 CD090048 verified  16/16 agree, 0 errors, 0 unresolved
  43 CD090248 verified  13/13 agree, 0 errors, 0 unresolved
  44 CD080586 verified  16/16 agree, 0 errors, 0 unresolved
  45 CD100111 verified  12/12 agree, 0 errors, 0 unresolved
  46 CD090367 verified  14/14 agree, 0 errors, 0 unresolved
  47 CD100208 verified  15/15 agree, 0 errors, 0 unresolved
  48 CD100178 verified  11/11 agree, 0 errors, 0 unresolved
  49 CD110144 errors  13/14 agree, 1 errors, 0 unresolved
  50 CD110101 verified  15/15 agree, 0 errors, 0 unresolved
  51 CD110239 unreadable  (no PDF)
  52 CD110177 verified  17/17 agree, 0 errors, 0 unresolved
  53 CD120147 errors  26/27 agree, 1 errors, 0 unresolved
  54 CD130081 unreadable  (no PDF)
  55 CD130020 errors  9/14 agree, 12 errors, 0 unresolved
  56 CD070265 errors  17/17 agree, 24 errors, 4 unresolved
  57 CD130089 verified  24/24 agree, 0 errors, 0 unresolved
  58 CD130137 unreadable  (no PDF)
  59 CD130123 verified  20/20 agree, 0 errors, 0 unresolved
  60 CD130155 verified  14/14 agree, 0 errors, 0 unresolved
  61 CD130100 errors  9/18 agree, 18 errors, 0 unresolved
  62 CD130156 verified  20/20 agree, 0 errors, 0 unresolved
  63 CD130173 errors  20/21 agree, 1 errors, 0 unresolved
  64 CD130227 unreadable  (no PDF)
  65 CD130246 verified  16/16 agree, 0 errors, 0 unresolved
  66 CD130179 unresolved  30/31 agree, 0 errors, 1 unresolved
  67 CD130272 errors  6/23 agree, 43 errors, 0 unresolved
  68 CD130172 errors  6/16 agree, 20 errors, 0 unresolved
  69 CD130306 verified  13/13 agree, 0 errors, 0 unresolved
  70 CD130300 errors  6/20 agree, 40 errors, 0 unresolved
  71 CD130282 errors  9/20 agree, 33 errors, 0 unresolved
  72 CD130314 verified  15/15 agree, 0 errors, 0 unresolved
  73 CD130326 errors  11/16 agree, 11 errors, 0 unresolved
  74 CD140027 verified  18/18 agree, 0 errors, 0 unresolved
  75 CD140005 verified  19/19 agree, 0 errors, 0 unresolved
  76 CD140032 errors  5/15 agree, 21 errors, 0 unresolved
  77 CD140024 verified  16/16 agree, 0 errors, 0 unresolved
  78 CD140042 verified  18/18 agree, 0 errors, 0 unresolved
  79 CD140129 unreadable  (no PDF)
  80 CD140062 verified  17/17 agree, 0 errors, 0 unresolved
  81 CD140149 verified  19/19 agree, 0 errors, 0 unresolved
  82 CD140111 errors  16/24 agree, 16 errors, 0 unresolved
  83 CD140183 unreadable  (no PDF)
  84 CD140185 errors  17/18 agree, 1 errors, 0 unresolved
  85 CD140158 verified  23/23 agree, 0 errors, 0 unresolved
  86 CD140212 verified  16/16 agree, 0 errors, 0 unresolved
  87 CD140163 verified  15/15 agree, 0 errors, 0 unresolved
  88 CD140224 verified  14/14 agree, 0 errors, 0 unresolved
  89 CD140230 verified  22/22 agree, 0 errors, 0 unresolved
  90 CD140253 verified  18/18 agree, 0 errors, 0 unresolved
  91 CD140265 verified  14/14 agree, 0 errors, 0 unresolved
  92 CD140205 errors  6/16 agree, 20 errors, 0 unresolved
  93 CD140311 verified  17/17 agree, 0 errors, 0 unresolved
  94 CD140261 errors  15/15 agree, 20 errors, 0 unresolved
  95 CD140317 errors  16/17 agree, 1 errors, 1 unresolved
  96 CD140322 verified  15/15 agree, 0 errors, 0 unresolved
  97 CD140280 verified  14/14 agree, 0 errors, 0 unresolved
  98 CD140348 errors  17/18 agree, 1 errors, 0 unresolved
  99 CD140319 verified  18/18 agree, 0 errors, 0 unresolved
 100 CD140367 verified  19/19 agree, 0 errors, 0 unresolved
 101 CD140371 verified  19/19 agree, 0 errors, 0 unresolved
 102 CD140335 verified  25/27 agree, 0 errors, 0 unresolved
 103 CD140381 verified  18/18 agree, 0 errors, 0 unresolved
 104 CD140383 verified  19/19 agree, 0 errors, 0 unresolved
 105 CD140402 verified  15/15 agree, 0 errors, 0 unresolved
 106 CD140358 verified  20/20 agree, 0 errors, 0 unresolved
 107 CD150007 verified  21/21 agree, 0 errors, 0 unresolved
 108 CD150024 verified  15/15 agree, 0 errors, 0 unresolved
 109 CD150006 verified  21/21 agree, 0 errors, 0 unresolved
 110 CD150002 errors  6/16 agree, 20 errors, 0 unresolved
 111 CD150058 verified  16/16 agree, 0 errors, 0 unresolved
 112 CD150080 verified  17/17 agree, 0 errors, 0 unresolved
 113 CD150044 verified  15/15 agree, 0 errors, 0 unresolved
 114 CD150088 verified  17/17 agree, 0 errors, 0 unresolved
 115 CD150095 verified  16/16 agree, 0 errors, 0 unresolved
 116 CD150051 verified  19/19 agree, 0 errors, 0 unresolved
 117 CD150135 verified  20/20 agree, 0 errors, 0 unresolved
 118 CD150141 verified  19/19 agree, 0 errors, 0 unresolved
 119 CD150154 verified  19/19 agree, 0 errors, 0 unresolved
 120 CD150165 verified  22/22 agree, 0 errors, 0 unresolved
 121 CD150167 verified  14/14 agree, 0 errors, 0 unresolved
 122 CD150200 unreadable  (no PDF)
 123 CD150238 verified  20/20 agree, 0 errors, 0 unresolved
 124 CD150182 errors  10/18 agree, 25 errors, 0 unresolved
 125 CD150245 errors  12/15 agree, 2 errors, 1 unresolved
 126 CD150174 verified  15/15 agree, 0 errors, 0 unresolved
 127 CD150253 verified  17/17 agree, 0 errors, 0 unresolved
 128 CD150263 verified  22/22 agree, 0 errors, 0 unresolved
 129 CD150273 errors  16/17 agree, 1 errors, 0 unresolved
 130 CD150251 verified  15/15 agree, 0 errors, 0 unresolved
 131 CD150340 verified  15/15 agree, 0 errors, 0 unresolved
 132 CD150341 verified  15/15 agree, 0 errors, 0 unresolved
 133 CD150342 unreadable  (no PDF)
 134 CD150298 verified  19/19 agree, 0 errors, 0 unresolved
 135 CD150377 verified  17/17 agree, 0 errors, 0 unresolved
 136 CD150325 errors  8/18 agree, 9 errors, 1 unresolved
 137 CD150383 verified  12/12 agree, 0 errors, 0 unresolved
 138 CD150353 verified  15/15 agree, 0 errors, 0 unresolved
 139 CD150402 verified  15/15 agree, 0 errors, 0 unresolved
 140 CD160003 verified  16/16 agree, 0 errors, 0 unresolved
 141 CD150382 verified  17/17 agree, 0 errors, 0 unresolved
 142 CD160013 verified  14/14 agree, 0 errors, 0 unresolved
 143 CD160016 verified  14/14 agree, 0 errors, 0 unresolved
 144 CD160045 verified  17/17 agree, 0 errors, 0 unresolved
 145 CD160056 verified  13/13 agree, 0 errors, 0 unresolved
 146 CD160065 verified  13/13 agree, 0 errors, 0 unresolved
 147 CD160088 verified  13/13 agree, 0 errors, 0 unresolved
 148 CD160099 unreadable  (no PDF)
 149 CD160101 verified  16/16 agree, 0 errors, 0 unresolved
 150 CD160112 verified  17/17 agree, 0 errors, 0 unresolved
 151 CD160113 verified  24/24 agree, 0 errors, 0 unresolved
 152 CD160055 verified  13/13 agree, 0 errors, 0 unresolved
 153 CD160097 verified  15/15 agree, 0 errors, 0 unresolved
 154 CD160142 unreadable  (no PDF)
 155 CD160125 verified  16/16 agree, 0 errors, 0 unresolved
 156 CD160166 verified  16/16 agree, 0 errors, 0 unresolved
 157 CD160197 verified  24/24 agree, 0 errors, 0 unresolved
 158 CD160120 verified  16/16 agree, 0 errors, 0 unresolved
 159 CD160214 verified  25/25 agree, 0 errors, 0 unresolved
 160 CD160243 verified  16/16 agree, 0 errors, 0 unresolved
 161 CD160149 errors  21/22 agree, 1 errors, 1 unresolved
 162 CD160275 errors  6/16 agree, 20 errors, 0 unresolved
 163 CD160297 verified  17/17 agree, 0 errors, 0 unresolved
 164 CD160304 verified  21/21 agree, 0 errors, 0 unresolved
 165 CD160238 verified  14/14 agree, 0 errors, 0 unresolved
 166 CD160277 errors  18/19 agree, 1 errors, 0 unresolved
 167 CD160305 verified  14/14 agree, 0 errors, 0 unresolved
 168 CD160316 verified  16/16 agree, 0 errors, 0 unresolved
 169 CD160329 verified  17/17 agree, 0 errors, 0 unresolved
 170 CD160351 verified  14/14 agree, 0 errors, 0 unresolved
 171 CD160352 verified  14/14 agree, 0 errors, 0 unresolved
 172 CD160358 verified  16/16 agree, 0 errors, 0 unresolved
 173 CD160364 verified  24/24 agree, 0 errors, 0 unresolved
 174 CD160341 verified  16/16 agree, 0 errors, 0 unresolved
 175 CD160369 verified  29/30 agree, 0 errors, 0 unresolved
 176 CD160357 verified  16/16 agree, 0 errors, 0 unresolved
 177 CD160384 unreadable  (no PDF)
 178 CD160371 verified  14/14 agree, 0 errors, 0 unresolved
 179 CD160374 unresolved  23/24 agree, 0 errors, 1 unresolved
 180 CD160390 verified  13/13 agree, 0 errors, 0 unresolved
 181 CD160391 verified  19/19 agree, 0 errors, 0 unresolved
 182 CD160395 verified  17/17 agree, 0 errors, 0 unresolved
 183 CD160403 verified  15/15 agree, 0 errors, 0 unresolved
 184 CD160394 errors  11/20 agree, 20 errors, 0 unresolved
 185 CD160413 verified  17/17 agree, 0 errors, 0 unresolved
 186 CD160408 verified  14/14 agree, 0 errors, 0 unresolved
 187 CD170002 verified  17/17 agree, 0 errors, 0 unresolved
 188 CD170005 verified  14/14 agree, 0 errors, 0 unresolved
 189 CD170003 verified  13/13 agree, 0 errors, 0 unresolved
 190 CD170006 verified  12/12 agree, 0 errors, 0 unresolved
 191 CD170015 verified  14/14 agree, 0 errors, 0 unresolved
 192 CD160393 verified  14/14 agree, 0 errors, 0 unresolved
 193 CD170022 verified  17/17 agree, 0 errors, 0 unresolved
 194 CD170018 verified  17/17 agree, 0 errors, 0 unresolved
 195 CD170024 verified  11/11 agree, 0 errors, 0 unresolved
 196 CD170026 verified  13/13 agree, 0 errors, 0 unresolved
 197 CD170039 verified  14/14 agree, 0 errors, 0 unresolved
 198 CD170046 verified  11/11 agree, 0 errors, 0 unresolved
 199 CD170044 errors  16/16 agree, 24 errors, 0 unresolved
 200 CD170027 verified  16/16 agree, 0 errors, 0 unresolved
 201 CD170052 verified  17/17 agree, 0 errors, 0 unresolved
 202 CD170056 verified  14/14 agree, 0 errors, 0 unresolved
 203 CD170048 errors  18/33 agree, 55 errors, 0 unresolved
 204 CD170050 errors  10/19 agree, 27 errors, 0 unresolved
 205 CD170059 unresolved  19/20 agree, 0 errors, 7 unresolved
 206 CD170062 verified  15/15 agree, 0 errors, 0 unresolved
 207 CD170063 verified  14/14 agree, 0 errors, 0 unresolved
 208 CD170065 verified  12/12 agree, 0 errors, 0 unresolved
 209 CD170070 verified  15/15 agree, 0 errors, 0 unresolved
 210 CD170085 verified  14/14 agree, 0 errors, 0 unresolved
 211 CD170088 verified  17/17 agree, 0 errors, 0 unresolved
 212 CD170091 verified  16/16 agree, 0 errors, 0 unresolved
 213 CD170102 errors  8/15 agree, 18 errors, 0 unresolved
 214 CD170121 verified  20/20 agree, 0 errors, 0 unresolved
 215 CD170129 unreadable  (no PDF)
 216 CD170074 errors  11/15 agree, 14 errors, 0 unresolved
 217 CD170135 verified  15/15 agree, 0 errors, 0 unresolved
 218 CD170154 verified  17/17 agree, 0 errors, 0 unresolved
 219 CD170169 verified  24/24 agree, 0 errors, 0 unresolved
 220 CD170114 verified  15/15 agree, 0 errors, 0 unresolved
 221 CD170185 verified  13/13 agree, 0 errors, 0 unresolved
 222 CD170194 verified  15/15 agree, 0 errors, 0 unresolved
 223 CD170208 verified  20/20 agree, 0 errors, 0 unresolved
 224 CD170213 verified  13/13 agree, 0 errors, 0 unresolved
 225 CD170221 unreadable  (no PDF)
 226 CD170220 verified  20/20 agree, 0 errors, 0 unresolved
 227 CD170230 verified  14/14 agree, 0 errors, 0 unresolved
 228 CD170203 errors  11/19 agree, 20 errors, 0 unresolved
 229 CD170243 verified  16/16 agree, 0 errors, 0 unresolved
 230 CD170236 verified  18/18 agree, 0 errors, 0 unresolved
 231 CD170250 verified  15/15 agree, 0 errors, 0 unresolved
 232 CD170241 verified  22/22 agree, 0 errors, 0 unresolved
 233 CD170282 verified  17/17 agree, 0 errors, 0 unresolved
 234 CD170298 verified  15/15 agree, 0 errors, 0 unresolved
 235 CD170310 verified  17/17 agree, 0 errors, 0 unresolved
 236 CD170302 verified  19/19 agree, 0 errors, 0 unresolved
 237 CD170315 unreadable  (the reading found no budget on the stored pages)
 238 CD170319 verified  20/20 agree, 0 errors, 0 unresolved
 239 CD170311 verified  17/17 agree, 0 errors, 0 unresolved
 240 CD170333 verified  14/14 agree, 0 errors, 0 unresolved
 241 CD170358 verified  13/13 agree, 0 errors, 0 unresolved
 242 CD170342 verified  17/17 agree, 0 errors, 0 unresolved
 243 CD170371 unreadable  (no PDF)
 244 CD170269 verified  15/15 agree, 0 errors, 0 unresolved
 245 CD170375 verified  16/16 agree, 0 errors, 0 unresolved
 246 CD180010 verified  17/17 agree, 0 errors, 0 unresolved
 247 CD170362 verified  20/20 agree, 0 errors, 0 unresolved
 248 CD180012 verified  18/18 agree, 0 errors, 0 unresolved
 249 CD180014 verified  14/14 agree, 0 errors, 0 unresolved
 250 CD180038 verified  13/13 agree, 0 errors, 0 unresolved
 251 CD180081 verified  15/15 agree, 0 errors, 0 unresolved
 252 CD180127 verified  15/15 agree, 0 errors, 0 unresolved
 253 CD180136 verified  17/17 agree, 0 errors, 0 unresolved
 254 CD180139 verified  15/15 agree, 0 errors, 0 unresolved
 255 CD180149 verified  20/20 agree, 0 errors, 0 unresolved
 256 CD180155 verified  20/20 agree, 0 errors, 0 unresolved
 257 CD180153 verified  14/14 agree, 0 errors, 0 unresolved
 258 CD180171 verified  14/14 agree, 0 errors, 0 unresolved
 259 CD180176 verified  17/17 agree, 0 errors, 0 unresolved
 260 CD180150 verified  18/18 agree, 0 errors, 0 unresolved
 261 CD180177 verified  17/17 agree, 0 errors, 0 unresolved
 262 CD180181 verified  14/14 agree, 0 errors, 0 unresolved
 263 CD180182 verified  14/14 agree, 0 errors, 0 unresolved
 264 CD180161 verified  19/19 agree, 0 errors, 0 unresolved
 265 CD180183 verified  14/14 agree, 0 errors, 0 unresolved
 266 CD180185 verified  14/14 agree, 0 errors, 0 unresolved
 267 CD180187 verified  18/18 agree, 0 errors, 0 unresolved
 268 CD180191 verified  14/14 agree, 0 errors, 0 unresolved
 269 CD180179 verified  21/21 agree, 0 errors, 0 unresolved
 270 CD180192 verified  14/14 agree, 0 errors, 0 unresolved
 271 CD180196 verified  15/15 agree, 0 errors, 0 unresolved
 272 CD180211 verified  15/15 agree, 0 errors, 0 unresolved
 273 CD180190 verified  14/14 agree, 0 errors, 0 unresolved
 274 CD180246 verified  22/22 agree, 0 errors, 0 unresolved
 275 CD180194 verified  23/23 agree, 0 errors, 0 unresolved
 276 CD180279 verified  16/16 agree, 0 errors, 0 unresolved
 277 CD180278 verified  21/21 agree, 0 errors, 0 unresolved
 278 CD180299 verified  16/16 agree, 0 errors, 0 unresolved
 279 CD180281 verified  18/18 agree, 0 errors, 0 unresolved
 280 CD180306 verified  15/15 agree, 0 errors, 0 unresolved
 281 CD180315 verified  14/14 agree, 0 errors, 0 unresolved
 282 CD180245 verified  15/15 agree, 0 errors, 0 unresolved
 283 CD180316 verified  17/17 agree, 0 errors, 0 unresolved
 284 CD180323 verified  18/18 agree, 0 errors, 0 unresolved
 285 CD180344 verified  15/15 agree, 0 errors, 0 unresolved
 286 CD180324 verified  19/19 agree, 0 errors, 0 unresolved
 287 CD180360 verified  17/17 agree, 0 errors, 0 unresolved
 288 CD180303 verified  21/21 agree, 0 errors, 0 unresolved
 289 CD180377 errors  10/14 agree, 8 errors, 0 unresolved
 290 CD180381 unreadable  (no PDF)
 291 CD180379 verified  20/20 agree, 0 errors, 0 unresolved
 292 CD180384 verified  15/15 agree, 0 errors, 0 unresolved
 293 CD180393 verified  21/21 agree, 0 errors, 0 unresolved
 294 CD180362 verified  21/21 agree, 0 errors, 0 unresolved
 295 CD180389 unresolved  6/15 agree, 0 errors, 12 unresolved
 296 CD180411 verified  19/19 agree, 0 errors, 0 unresolved
 297 CD180398 verified  18/18 agree, 0 errors, 0 unresolved
 298 CD180414 verified  17/17 agree, 0 errors, 0 unresolved
 299 CD180405 verified  16/16 agree, 0 errors, 0 unresolved
 300 CD180417 verified  17/17 agree, 0 errors, 0 unresolved
 301 CD180419 verified  17/17 agree, 0 errors, 0 unresolved
 302 CD180421 verified  17/17 agree, 0 errors, 0 unresolved
 303 CD180434 errors  18/18 agree, 24 errors, 1 unresolved
 304 CD180454 verified  14/14 agree, 0 errors, 0 unresolved
 305 CD180457 verified  16/16 agree, 0 errors, 0 unresolved
 306 CD180464 verified  14/14 agree, 0 errors, 0 unresolved
 307 CD180468 verified  16/16 agree, 0 errors, 0 unresolved
 308 CD180427 verified  14/14 agree, 0 errors, 0 unresolved
 309 CD180469 verified  14/14 agree, 0 errors, 0 unresolved
 310 CD180412 errors  11/18 agree, 23 errors, 0 unresolved
 311 CD180478 verified  17/17 agree, 0 errors, 0 unresolved
 312 CD180479 verified  28/28 agree, 0 errors, 0 unresolved
 313 CD180481 verified  15/15 agree, 0 errors, 0 unresolved
 314 CD180471 errors  8/17 agree, 24 errors, 0 unresolved
 315 CD190007 verified  16/16 agree, 0 errors, 0 unresolved
 316 CD180483 verified  20/20 agree, 0 errors, 0 unresolved
 317 CD180494 errors  11/19 agree, 18 errors, 0 unresolved
 318 CD190015 verified  17/17 agree, 0 errors, 0 unresolved
 319 CD190013 verified  19/19 agree, 0 errors, 0 unresolved
 320 CD190024 verified  14/14 agree, 0 errors, 0 unresolved
 321 CD190040 unreadable  (no PDF)
 322 CD190025 verified  17/17 agree, 0 errors, 0 unresolved
 323 CD190042 verified  17/17 agree, 0 errors, 0 unresolved
 324 CD190043 verified  14/14 agree, 0 errors, 0 unresolved
 325 CD190052 verified  14/14 agree, 0 errors, 0 unresolved
 326 CD190055 verified  17/17 agree, 0 errors, 0 unresolved
 327 CD190071 verified  29/29 agree, 0 errors, 0 unresolved
 328 CD190039 verified  18/18 agree, 0 errors, 0 unresolved
 329 CD190076 verified  14/14 agree, 0 errors, 0 unresolved
 330 CD190078 verified  14/14 agree, 0 errors, 0 unresolved
 331 CD190086 verified  15/15 agree, 0 errors, 0 unresolved
 332 CD190047 verified  13/13 agree, 0 errors, 0 unresolved
 333 CD190089 verified  12/12 agree, 0 errors, 0 unresolved
 334 CD190092 verified  15/15 agree, 0 errors, 0 unresolved
 335 CD190100 verified  17/17 agree, 0 errors, 0 unresolved
 336 CD190095 verified  15/15 agree, 0 errors, 0 unresolved
 337 CD190104 verified  17/17 agree, 0 errors, 0 unresolved
 338 CD190101 errors  13/14 agree, 2 errors, 0 unresolved
 339 CD190080 verified  19/19 agree, 0 errors, 0 unresolved
 340 CD190105 verified  19/19 agree, 0 errors, 0 unresolved
 341 CD190110 verified  16/16 agree, 0 errors, 0 unresolved
 342 CD190107 verified  14/14 agree, 0 errors, 0 unresolved
 343 CD190118 verified  16/16 agree, 0 errors, 0 unresolved
 344 CD190112 verified  15/15 agree, 0 errors, 0 unresolved
 345 CD190123 verified  14/14 agree, 0 errors, 0 unresolved
 346 CD190131 unreadable  (no PDF)
 347 CD190132 verified  13/13 agree, 0 errors, 0 unresolved
 348 CD190124 verified  17/17 agree, 0 errors, 0 unresolved
 349 CD190109 verified  14/14 agree, 0 errors, 0 unresolved
 350 CD190135 verified  24/24 agree, 0 errors, 0 unresolved
 351 CD190143 verified  13/13 agree, 0 errors, 0 unresolved
 352 CD190146 verified  14/14 agree, 0 errors, 0 unresolved
 353 CD190145 unresolved  13/13 agree, 0 errors, 2 unresolved
 354 CD190148 verified  16/16 agree, 0 errors, 0 unresolved
 355 CD190153 verified  13/13 agree, 0 errors, 0 unresolved
 356 CD190154 unresolved  11/14 agree, 0 errors, 2 unresolved
 357 CD190160 verified  17/17 agree, 0 errors, 0 unresolved
 358 CD190150 verified  15/15 agree, 0 errors, 0 unresolved
 359 CD190163 unreadable  (no PDF)
 360 CD190165 verified  18/18 agree, 0 errors, 0 unresolved
 361 CD190155 errors  8/26 agree, 38 errors, 0 unresolved
 362 CD190162 verified  17/17 agree, 0 errors, 0 unresolved
 363 CD190172 verified  14/14 agree, 0 errors, 0 unresolved
 364 CD190179 verified  14/14 agree, 0 errors, 0 unresolved
 365 CD190168 errors  6/16 agree, 20 errors, 0 unresolved
 366 CD190181 verified  17/17 agree, 0 errors, 0 unresolved
 367 CD190180 verified  14/14 agree, 0 errors, 0 unresolved
 368 CD190183 verified  14/14 agree, 0 errors, 0 unresolved
 369 CD190193 verified  14/14 agree, 0 errors, 0 unresolved
 370 CD190195 verified  13/13 agree, 0 errors, 0 unresolved
 371 CD190196 verified  16/16 agree, 0 errors, 0 unresolved
 372 CD190189 errors  16/17 agree, 1 errors, 0 unresolved
 373 CD190198 verified  16/16 agree, 0 errors, 0 unresolved
 374 CD190200 verified  15/15 agree, 0 errors, 0 unresolved
 375 CD190182 errors  11/18 agree, 16 errors, 0 unresolved
 376 CD190203 verified  22/22 agree, 0 errors, 0 unresolved
 377 CD190210 verified  13/13 agree, 0 errors, 0 unresolved
 378 CD190212 verified  17/17 agree, 0 errors, 0 unresolved
 379 CD190204 verified  22/22 agree, 0 errors, 0 unresolved
 380 CD190218 errors  24/24 agree, 13 errors, 5 unresolved
 381 CD190219 verified  26/26 agree, 0 errors, 0 unresolved
 382 CD190227 verified  14/14 agree, 0 errors, 0 unresolved
 383 CD190199 verified  14/14 agree, 0 errors, 0 unresolved
 384 CD190233 verified  17/17 agree, 0 errors, 0 unresolved
 385 CD190223 errors  15/19 agree, 7 errors, 0 unresolved
 386 CD190234 verified  14/14 agree, 0 errors, 0 unresolved
 387 CD190237 verified  14/14 agree, 0 errors, 0 unresolved
 388 CD190238 verified  21/21 agree, 0 errors, 0 unresolved
 389 CD190240 errors  18/18 agree, 16 errors, 1 unresolved
 390 CD190231 errors  6/15 agree, 16 errors, 0 unresolved
 391 CD190244 errors  19/19 agree, 21 errors, 0 unresolved
 392 CD190247 verified  16/16 agree, 0 errors, 0 unresolved
 393 CD190239 errors  9/16 agree, 7 errors, 1 unresolved
 394 CD190248 verified  14/14 agree, 0 errors, 0 unresolved
 395 CD190242 verified  15/15 agree, 0 errors, 0 unresolved
 396 CD190252 verified  14/14 agree, 0 errors, 0 unresolved
 397 CD190254 verified  14/14 agree, 0 errors, 0 unresolved
 398 CD190257 verified  15/15 agree, 0 errors, 0 unresolved
 399 CD190269 verified  16/16 agree, 0 errors, 0 unresolved
 400 CD190266 verified  20/20 agree, 0 errors, 0 unresolved
 401 CD190272 verified  17/17 agree, 0 errors, 0 unresolved
 402 CD190274 verified  14/14 agree, 0 errors, 0 unresolved
 403 CD190250 verified  14/14 agree, 0 errors, 0 unresolved
 404 CD190275 verified  15/15 agree, 0 errors, 0 unresolved
 405 CD190287 verified  16/16 agree, 0 errors, 0 unresolved
 406 CD190281 verified  17/17 agree, 0 errors, 0 unresolved
 407 CD190290 verified  15/15 agree, 0 errors, 0 unresolved
 408 CD190293 verified  20/20 agree, 0 errors, 0 unresolved
 409 CD190288 verified  20/20 agree, 0 errors, 0 unresolved
 410 CD190295 verified  15/15 agree, 0 errors, 0 unresolved
 411 CD190298 verified  14/14 agree, 0 errors, 0 unresolved
 412 CD190306 verified  17/17 agree, 0 errors, 0 unresolved
 413 CD190305 verified  14/15 agree, 0 errors, 0 unresolved
 414 CD190308 verified  14/14 agree, 0 errors, 0 unresolved
 415 CD190311 verified  15/15 agree, 0 errors, 0 unresolved
 416 CD190312 verified  14/14 agree, 0 errors, 0 unresolved
 417 CD190314 verified  16/16 agree, 0 errors, 0 unresolved
 418 CD190315 verified  13/13 agree, 0 errors, 0 unresolved
 419 CD190318 verified  19/19 agree, 0 errors, 0 unresolved
 420 CD190321 verified  18/18 agree, 0 errors, 0 unresolved
 421 CD190320 verified  17/17 agree, 0 errors, 0 unresolved
 422 CD190330 unreadable  (no PDF)
 423 CD190309 verified  20/20 agree, 0 errors, 0 unresolved
 424 CD190332 verified  17/17 agree, 0 errors, 0 unresolved
 425 CD190322 verified  14/14 agree, 0 errors, 0 unresolved
 426 CD190339 unreadable  (no PDF)
 427 CD190333 verified  15/15 agree, 0 errors, 0 unresolved
 428 CD190341 verified  17/17 agree, 0 errors, 0 unresolved
 429 CD190342 unreadable  (no PDF)
 430 CD190344 verified  14/14 agree, 0 errors, 0 unresolved
 431 CD190338 verified  14/14 agree, 0 errors, 0 unresolved
 432 CD190340 verified  14/14 agree, 0 errors, 0 unresolved
 433 CD190356 verified  22/22 agree, 0 errors, 0 unresolved
 434 CD190358 verified  14/14 agree, 0 errors, 0 unresolved
 435 CD190355 verified  17/17 agree, 0 errors, 0 unresolved
 436 CD190365 verified  15/15 agree, 0 errors, 0 unresolved
 437 CD190357 verified  14/14 agree, 0 errors, 0 unresolved
 438 CD190370 verified  16/16 agree, 0 errors, 0 unresolved
 439 CD190360 errors  9/19 agree, 20 errors, 0 unresolved
 440 CD190368 verified  14/14 agree, 0 errors, 0 unresolved
 441 CD190382 verified  13/13 agree, 0 errors, 0 unresolved
 442 CD190384 errors  11/17 agree, 14 errors, 1 unresolved
 443 CD190374 verified  20/20 agree, 0 errors, 0 unresolved
 444 CD190389 verified  14/14 agree, 0 errors, 0 unresolved
 445 CD190376 verified  15/15 agree, 0 errors, 0 unresolved
 446 CD190397 verified  24/24 agree, 0 errors, 0 unresolved
 447 CD190394 errors  7/17 agree, 20 errors, 0 unresolved
 448 CD190399 verified  16/16 agree, 0 errors, 0 unresolved
 449 CD190404 verified  19/19 agree, 0 errors, 0 unresolved
 450 CD190412 unreadable  (no PDF)
 451 CD190413 verified  17/17 agree, 0 errors, 0 unresolved
 452 CD190409 verified  21/21 agree, 0 errors, 0 unresolved
 453 CD190416 verified  17/17 agree, 0 errors, 0 unresolved
 454 CD190417 verified  14/14 agree, 0 errors, 0 unresolved
 455 CD190407 verified  14/14 agree, 0 errors, 0 unresolved
 456 CD190418 verified  14/14 agree, 0 errors, 0 unresolved
 457 CD190414 verified  13/13 agree, 0 errors, 0 unresolved
 458 CD190419 verified  16/16 agree, 0 errors, 0 unresolved
 459 CD190422 verified  16/16 agree, 0 errors, 0 unresolved
 460 CD200001 verified  20/20 agree, 0 errors, 0 unresolved
 461 CD200002 verified  17/17 agree, 0 errors, 0 unresolved
 462 CD200004 verified  12/12 agree, 0 errors, 0 unresolved
 463 CD200006 verified  14/14 agree, 0 errors, 0 unresolved
 464 CD200008 verified  18/18 agree, 0 errors, 0 unresolved
 465 CD200009 verified  16/16 agree, 0 errors, 0 unresolved
 466 CD200012 verified  17/17 agree, 0 errors, 0 unresolved
 467 CD190420 verified  17/17 agree, 0 errors, 0 unresolved
 468 CD200013 verified  13/13 agree, 0 errors, 0 unresolved
 469 CD200026 verified  15/15 agree, 0 errors, 0 unresolved
 470 CD200017 verified  16/16 agree, 0 errors, 0 unresolved
 471 CD200028 verified  14/14 agree, 0 errors, 0 unresolved
 472 CD200032 verified  19/19 agree, 0 errors, 0 unresolved
 473 CD200021 verified  15/15 agree, 0 errors, 0 unresolved
 474 CD200034 unreadable  (no PDF)
 475 CD200033 verified  19/19 agree, 0 errors, 0 unresolved
 476 CD200036 verified  14/14 agree, 0 errors, 0 unresolved
 477 CD200037 verified  17/17 agree, 0 errors, 0 unresolved
 478 CD200029 verified  17/17 agree, 0 errors, 0 unresolved
 479 CD200051 verified  18/18 agree, 0 errors, 0 unresolved
 480 CD200056 verified  16/16 agree, 0 errors, 0 unresolved
 481 CD200053 verified  9/18 agree, 0 errors, 0 unresolved
 482 CD200057 verified  16/16 agree, 0 errors, 0 unresolved
 483 CD200062 verified  17/17 agree, 0 errors, 0 unresolved
 484 CD200059 verified  19/19 agree, 0 errors, 0 unresolved
 485 CD200060 unresolved  12/12 agree, 0 errors, 2 unresolved
 486 CD200067 verified  17/17 agree, 0 errors, 0 unresolved
 487 CD200072 verified  16/16 agree, 0 errors, 0 unresolved
 488 CD200066 verified  18/18 agree, 0 errors, 0 unresolved
 489 CD200076 verified  21/21 agree, 0 errors, 0 unresolved
 490 CD200081 verified  15/15 agree, 0 errors, 0 unresolved
 491 CD200083 verified  16/16 agree, 0 errors, 0 unresolved
 492 CD200086 verified  14/14 agree, 0 errors, 0 unresolved
 493 CD200077 verified  13/13 agree, 0 errors, 0 unresolved
 494 CD200096 verified  14/14 agree, 0 errors, 0 unresolved
 495 CD200097 verified  14/14 agree, 0 errors, 0 unresolved
 496 CD200071 verified  21/21 agree, 0 errors, 0 unresolved
 497 CD200090 verified  15/15 agree, 0 errors, 0 unresolved
 498 CD200104 verified  16/16 agree, 0 errors, 0 unresolved
 499 CD200106 verified  16/16 agree, 0 errors, 0 unresolved
 500 CD200107 verified  14/14 agree, 0 errors, 0 unresolved
 501 CD200113 verified  15/15 agree, 0 errors, 0 unresolved
 502 CD200117 verified  14/14 agree, 0 errors, 0 unresolved
 503 CD200120 verified  13/13 agree, 0 errors, 0 unresolved
 504 CD200126 verified  18/18 agree, 0 errors, 0 unresolved
 505 CD200128 verified  15/15 agree, 0 errors, 0 unresolved
 506 CD200132 verified  14/14 agree, 0 errors, 0 unresolved
 507 CD200112 verified  17/17 agree, 0 errors, 0 unresolved
 508 CD200127 errors  14/24 agree, 24 errors, 0 unresolved
 509 CD200140 verified  16/16 agree, 0 errors, 0 unresolved
 510 CD200135 errors  10/15 agree, 11 errors, 4 unresolved
 511 CD200142 verified  15/15 agree, 0 errors, 0 unresolved
 512 CD200141 verified  17/17 agree, 0 errors, 0 unresolved
 513 CD200146 errors  8/15 agree, 14 errors, 0 unresolved
 514 CD200149 verified  14/14 agree, 0 errors, 0 unresolved
 515 CD200148 errors  7/16 agree, 20 errors, 0 unresolved
 516 CD200154 verified  14/14 agree, 0 errors, 0 unresolved
 517 CD200137 errors  8/16 agree, 17 errors, 1 unresolved
 518 CD200156 verified  18/18 agree, 0 errors, 0 unresolved
 519 CD200158 verified  15/15 agree, 0 errors, 0 unresolved
 520 CD200160 verified  14/14 agree, 0 errors, 0 unresolved
 521 CD200165 unresolved  13/13 agree, 0 errors, 1 unresolved
 522 CD200166 verified  17/17 agree, 0 errors, 0 unresolved
 523 CD200170 verified  17/17 agree, 0 errors, 0 unresolved
 524 CD200153 verified  14/14 agree, 0 errors, 0 unresolved
 525 CD200173 verified  15/15 agree, 0 errors, 0 unresolved
 526 CD200182 verified  14/14 agree, 0 errors, 0 unresolved
 527 CD200174 errors  21/21 agree, 6 errors, 0 unresolved
 528 CD200186 unreadable  (no PDF)
 529 CD200185 verified  16/16 agree, 0 errors, 0 unresolved
 530 CD200189 verified  17/17 agree, 0 errors, 0 unresolved
 531 CD200167 verified  14/15 agree, 0 errors, 0 unresolved
 532 CD200191 errors  15/16 agree, 1 errors, 0 unresolved
 533 CD200193 errors  14/14 agree, 1 errors, 0 unresolved
 534 CD200200 verified  18/18 agree, 0 errors, 0 unresolved
 535 CD200201 errors  13/14 agree, 1 errors, 0 unresolved
 536 CD200205 verified  13/14 agree, 0 errors, 0 unresolved
 537 CD200206 verified  16/16 agree, 0 errors, 0 unresolved
 538 CD200212 verified  15/15 agree, 0 errors, 0 unresolved
 539 CD200207 verified  18/18 agree, 0 errors, 0 unresolved
 540 CD200214 verified  24/24 agree, 0 errors, 0 unresolved
 541 CD200218 unreadable  (no PDF)
 542 CD200216 verified  16/16 agree, 0 errors, 0 unresolved
 543 CD200202 verified  17/17 agree, 0 errors, 0 unresolved
 544 CD200224 verified  19/19 agree, 0 errors, 0 unresolved
 545 CD200229 verified  17/17 agree, 0 errors, 0 unresolved
 546 CD200240 verified  16/16 agree, 0 errors, 0 unresolved
 547 CD200245 verified  15/15 agree, 0 errors, 0 unresolved
 548 CD200246 verified  18/18 agree, 0 errors, 0 unresolved
 549 CD200247 verified  18/18 agree, 0 errors, 0 unresolved
 550 CD200225 errors  8/15 agree, 14 errors, 0 unresolved
 551 CD200252 verified  16/16 agree, 0 errors, 0 unresolved
 552 CD200254 verified  16/16 agree, 0 errors, 0 unresolved
 553 CD200256 verified  16/16 agree, 0 errors, 0 unresolved
 554 CD200238 errors  5/16 agree, 23 errors, 2 unresolved
 555 CD200259 verified  16/16 agree, 0 errors, 0 unresolved
 556 CD200260 verified  13/13 agree, 0 errors, 0 unresolved
 557 CD200262 verified  15/15 agree, 0 errors, 0 unresolved
 558 CD200266 verified  13/13 agree, 0 errors, 0 unresolved
 559 CD200264 verified  13/13 agree, 0 errors, 0 unresolved
 560 CD200267 errors  12/13 agree, 1 errors, 0 unresolved
 561 CD200268 errors  12/13 agree, 1 errors, 0 unresolved
 562 CD200269 errors  12/13 agree, 1 errors, 0 unresolved
 563 CD200275 verified  16/16 agree, 0 errors, 0 unresolved
 564 CD200279 verified  16/16 agree, 0 errors, 0 unresolved
 565 CD200280 verified  17/17 agree, 0 errors, 0 unresolved
 566 CD200274 verified  15/15 agree, 0 errors, 0 unresolved
 567 CD200287 verified  16/16 agree, 0 errors, 0 unresolved
 568 CD200250 verified  15/15 agree, 0 errors, 0 unresolved
 569 CD200295 verified  14/14 agree, 0 errors, 0 unresolved
 570 CD200288 verified  13/13 agree, 0 errors, 0 unresolved
 571 CD200298 verified  13/13 agree, 0 errors, 0 unresolved
 572 CD200300 verified  13/13 agree, 0 errors, 0 unresolved
 573 CD200299 unresolved  17/17 agree, 0 errors, 6 unresolved
 574 CD200306 verified  13/13 agree, 0 errors, 0 unresolved
 575 CD200313 errors  21/22 agree, 1 errors, 0 unresolved
 576 CD200301 verified  17/17 agree, 0 errors, 0 unresolved
 577 CD200314 verified  13/13 agree, 0 errors, 0 unresolved
 578 CD200319 verified  23/23 agree, 0 errors, 0 unresolved
 579 CD200321 verified  14/14 agree, 0 errors, 0 unresolved
 580 CD200302 errors  8/14 agree, 24 errors, 0 unresolved
 581 CD200323 verified  20/20 agree, 0 errors, 0 unresolved
 582 CD200328 verified  14/14 agree, 0 errors, 0 unresolved
 583 CD210002 verified  15/15 agree, 0 errors, 0 unresolved
 584 CD200315 verified  15/15 agree, 0 errors, 0 unresolved
 585 CD210003 verified  15/15 agree, 0 errors, 0 unresolved
 586 CD210009 verified  14/14 agree, 0 errors, 0 unresolved
 587 CD200322 verified  15/15 agree, 0 errors, 0 unresolved
 588 CD210007 verified  13/13 agree, 0 errors, 0 unresolved
 589 CD210010 verified  17/17 agree, 0 errors, 0 unresolved
 590 CD210017 verified  16/16 agree, 0 errors, 0 unresolved
 591 CD210014 verified  21/21 agree, 0 errors, 0 unresolved
 592 CD210018 verified  14/14 agree, 0 errors, 0 unresolved
 593 CD210016 verified  15/15 agree, 0 errors, 0 unresolved
 594 CD210024 verified  14/14 agree, 0 errors, 0 unresolved
 595 CD210022 verified  15/15 agree, 0 errors, 0 unresolved
 596 CD210021 verified  13/13 agree, 0 errors, 0 unresolved
 597 CD210027 verified  13/13 agree, 0 errors, 0 unresolved
 598 CD210028 verified  21/21 agree, 0 errors, 0 unresolved
 599 CD210030 unreadable  (no PDF)
 600 CD210031 verified  15/15 agree, 0 errors, 0 unresolved
 601 CD210033 verified  18/18 agree, 0 errors, 0 unresolved
 602 CD210026 verified  13/13 agree, 0 errors, 0 unresolved
 603 CD210036 verified  13/13 agree, 0 errors, 0 unresolved
 604 CD210029 verified  14/14 agree, 0 errors, 0 unresolved
 605 CD210035 verified  14/14 agree, 0 errors, 0 unresolved
 606 CD210037 verified  15/15 agree, 0 errors, 0 unresolved
 607 CD210040 verified  16/16 agree, 0 errors, 0 unresolved
 608 CD210044 verified  18/18 agree, 0 errors, 0 unresolved
 609 CD210046 verified  17/17 agree, 0 errors, 0 unresolved
 610 CD210050 verified  20/20 agree, 0 errors, 0 unresolved
 611 CD210039 verified  15/15 agree, 0 errors, 0 unresolved
 612 CD210051 verified  16/16 agree, 0 errors, 0 unresolved
 613 CD210055 verified  15/15 agree, 0 errors, 0 unresolved
 614 CD210057 verified  15/15 agree, 0 errors, 0 unresolved
 615 CD210048 verified  13/13 agree, 0 errors, 0 unresolved
 616 CD210058 verified  27/29 agree, 0 errors, 0 unresolved
 617 CD210062 verified  17/17 agree, 0 errors, 0 unresolved
 618 CD210060 verified  20/20 agree, 0 errors, 0 unresolved
 619 CD210064 verified  15/15 agree, 0 errors, 0 unresolved
 620 CD210066 verified  16/16 agree, 0 errors, 0 unresolved
 621 CD210070 verified  13/13 agree, 0 errors, 0 unresolved
 622 CD210056 errors  16/16 agree, 18 errors, 0 unresolved
 623 CD210072 verified  16/16 agree, 0 errors, 0 unresolved
 624 CD210071 unresolved  15/16 agree, 0 errors, 1 unresolved
 625 CD210080 verified  15/15 agree, 0 errors, 0 unresolved
 626 CD210085 verified  12/12 agree, 0 errors, 0 unresolved
 627 CD210087 verified  18/18 agree, 0 errors, 0 unresolved
 628 CD210089 verified  14/14 agree, 0 errors, 0 unresolved
 629 CD210077 verified  14/14 agree, 0 errors, 0 unresolved
 630 CD210086 verified  12/12 agree, 0 errors, 0 unresolved
 631 CD210093 verified  24/24 agree, 0 errors, 0 unresolved
 632 CD210096 verified  14/14 agree, 0 errors, 0 unresolved
 633 CD210097 verified  22/22 agree, 0 errors, 0 unresolved
 634 CD210092 verified  12/12 agree, 0 errors, 0 unresolved
 635 CD210102 verified  17/17 agree, 0 errors, 0 unresolved
 636 CD210099 verified  14/14 agree, 0 errors, 0 unresolved
 637 CD210108 verified  13/13 agree, 0 errors, 0 unresolved
 638 CD210103 verified  15/15 agree, 0 errors, 0 unresolved
 639 CD210114 verified  14/14 agree, 0 errors, 0 unresolved
 640 CD210119 errors  10/17 agree, 10 errors, 0 unresolved
 641 CD210120 verified  13/13 agree, 0 errors, 0 unresolved
 642 CD210127 verified  15/15 agree, 0 errors, 0 unresolved
 643 CD210126 verified  16/16 agree, 0 errors, 0 unresolved
 644 CD210139 verified  14/14 agree, 0 errors, 0 unresolved
 645 CD210149 verified  16/16 agree, 0 errors, 0 unresolved
 646 CD210101 errors  7/15 agree, 7 errors, 0 unresolved
 647 CD210150 verified  14/14 agree, 0 errors, 0 unresolved
 648 CD210157 verified  14/14 agree, 0 errors, 0 unresolved
 649 CD210168 verified  15/15 agree, 0 errors, 0 unresolved
 650 CD210158 errors  19/20 agree, 3 errors, 0 unresolved
 651 CD210140 verified  14/14 agree, 0 errors, 0 unresolved
 652 CD210177 verified  19/19 agree, 0 errors, 0 unresolved
 653 CD210182 verified  15/15 agree, 0 errors, 0 unresolved
 654 CD210175 verified  15/15 agree, 0 errors, 0 unresolved
 655 CD210186 verified  12/12 agree, 0 errors, 0 unresolved
 656 CD210193 verified  14/14 agree, 0 errors, 0 unresolved
 657 CD210180 verified  12/12 agree, 0 errors, 0 unresolved
 658 CD210202 verified  16/16 agree, 0 errors, 0 unresolved
 659 CD210199 verified  14/14 agree, 0 errors, 0 unresolved
 660 CD210196 verified  12/12 agree, 0 errors, 0 unresolved
 661 CD210203 verified  14/14 agree, 0 errors, 0 unresolved
 662 CD210205 verified  26/26 agree, 0 errors, 0 unresolved
 663 CD210224 verified  16/16 agree, 0 errors, 0 unresolved
 664 CD210223 verified  17/17 agree, 0 errors, 0 unresolved
 665 CD210228 verified  15/15 agree, 0 errors, 0 unresolved
 666 CD210229 verified  13/13 agree, 0 errors, 0 unresolved
 667 CD210210 errors  4/25 agree, 37 errors, 1 unresolved
 668 CD210233 verified  19/19 agree, 0 errors, 0 unresolved
 669 CD210236 verified  14/14 agree, 0 errors, 0 unresolved
 670 CD210227 verified  12/12 agree, 0 errors, 0 unresolved
 671 CD210241 verified  14/14 agree, 0 errors, 0 unresolved
 672 CD210246 unreadable  (no PDF)
 673 CD210239 verified  17/17 agree, 0 errors, 0 unresolved
 674 CD210243 verified  13/13 agree, 0 errors, 0 unresolved
 675 CD210252 verified  15/15 agree, 0 errors, 0 unresolved
 676 CD210258 verified  17/17 agree, 0 errors, 0 unresolved
 677 CD210251 errors  2/21 agree, 34 errors, 0 unresolved
 678 CD210263 verified  17/17 agree, 0 errors, 0 unresolved
 679 CD210264 verified  16/16 agree, 0 errors, 0 unresolved
 680 CD210256 verified  17/17 agree, 0 errors, 0 unresolved
 681 CD210267 verified  17/17 agree, 0 errors, 0 unresolved
 682 CD210272 verified  16/16 agree, 0 errors, 0 unresolved
 683 CD210273 verified  16/16 agree, 0 errors, 0 unresolved
 684 CD210278 verified  13/13 agree, 0 errors, 0 unresolved
 685 CD210285 verified  14/14 agree, 0 errors, 0 unresolved
 686 CD210266 verified  22/22 agree, 0 errors, 0 unresolved
 687 CD210286 verified  16/16 agree, 0 errors, 0 unresolved
 688 CD210293 verified  16/16 agree, 0 errors, 0 unresolved
 689 CD210294 verified  16/16 agree, 0 errors, 0 unresolved
 690 CD210296 verified  14/14 agree, 0 errors, 0 unresolved
 691 CD210281 verified  18/18 agree, 0 errors, 0 unresolved
 692 CD210299 verified  15/15 agree, 0 errors, 0 unresolved
 693 CD210297 verified  17/17 agree, 0 errors, 0 unresolved
 694 CD210302 verified  14/14 agree, 0 errors, 0 unresolved
 695 CD210305 verified  16/16 agree, 0 errors, 0 unresolved
 696 CD210304 verified  14/14 agree, 0 errors, 0 unresolved
 697 CD210295 verified  20/20 agree, 0 errors, 0 unresolved
 698 CD210307 verified  17/17 agree, 0 errors, 0 unresolved
 699 CD210310 verified  21/21 agree, 0 errors, 0 unresolved
 700 CD210315 verified  17/17 agree, 0 errors, 0 unresolved
 701 CD210313 verified  20/20 agree, 0 errors, 0 unresolved
 702 CD210316 verified  15/15 agree, 0 errors, 0 unresolved
 703 CD210318 verified  14/14 agree, 0 errors, 0 unresolved
 704 CD210327 verified  17/17 agree, 0 errors, 0 unresolved
 705 CD210312 unreadable  (the reading found no budget on the stored pages)
